2026-07-03 02:14:40	cid=1	cas=14992-62-2	modality=	url=https://webbook.nist.gov/cgi/cbook.cgi?ID=14992-62-2&Units=SI&Mask=480	reason=nist_not_found	message=
2026-07-03 02:14:40	cid=2	cas=7559-18-4	modality=	url=https://webbook.nist.gov/cgi/cbook.cgi?ID=7559-18-4&Units=SI&Mask=480	reason=nist_not_found	message=
2026-07-03 02:14:41	cid=3	cas=	modality=	url=	reason=not_found	message=no_cas_in_synonyms
2026-07-03 02:14:42	cid=4	cas=78-96-6	modality=ir	url=https://webbook.nist.gov/cgi/cbook.cgi?JCAMP=C2799168&Index=0&Type=IR	reason=download_http_404	message=
2026-07-03 02:14:42	cid=4	cas=78-96-6	modality=ir	url=https://webbook.nist.gov/cgi/cbook.cgi?JCAMP=C2799168&Index=1&Type=IR	reason=download_http_404	message=
2026-07-03 02:14:42	cid=4	cas=78-96-6	modality=ir	url=https://webbook.nist.gov/cgi/cbook.cgi?JCAMP=C2799168&Index=2&Type=IR	reason=download_http_404	message=
2026-07-03 02:14:43	cid=4	cas=78-96-6	modality=ir	url=https://webbook.nist.gov/cgi/cbook.cgi?JCAMP=C2799168&Index=3&Type=IR	reason=download_http_404	message=
2026-07-03 02:14:43	cid=4	cas=78-96-6	modality=ir	url=https://webbook.nist.gov/cgi/cbook.cgi?JCAMP=C2799168&Index=4&Type=IR	reason=download_http_404	message=
2026-07-03 02:14:47	cid=4	cas=78-96-6	modality=ir	url=https://webbook.nist.gov/cgi/cbook.cgi?JCAMP=C2799168&Index=5&Type=IR	reason=download_http_404	message=
2026-07-03 02:14:47	cid=4	cas=78-96-6	modality=ir	url=https://webbook.nist.gov/cgi/cbook.cgi?JCAMP=C2799168&Index=6&Type=IR	reason=download_http_404	message=
2026-07-03 02:14:48	cid=4	cas=78-96-6	modality=ir	url=https://webbook.nist.gov/cgi/cbook.cgi?JCAMP=C2799168&Index=7&Type=IR	reason=download_http_404	message=
2026-07-03 02:14:48	cid=4	cas=78-96-6	modality=ir	url=https://webbook.nist.gov/cgi/cbook.cgi?JCAMP=C2799168&Index=8&Type=IR	reason=download_http_404	message=
2026-07-03 02:14:49	cid=4	cas=78-96-6	modality=ir	url=https://webbook.nist.gov/cgi/cbook.cgi?JCAMP=C2799168&Index=9&Type=IR	reason=download_http_404	message=
2026-07-03 02:14:49	cid=4	cas=78-96-6	modality=	url=https://webbook.nist.gov/cgi/cbook.cgi?ID=78-96-6&Units=SI&Mask=480	reason=all_jcamp_downloads_failed	message=ir:download_http_404;ir:download_http_404;ir:download_http_404;ir:download_http_404;ir:download_http_404;ir:download_http_404;ir:download_http_404;ir:download_http_404;ir:download_http_404;ir:download_http_404
2026-07-03 02:14:49	cid=5	cas=205189-34-0	modality=	url=https://webbook.nist.gov/cgi/cbook.cgi?ID=205189-34-0&Units=SI&Mask=480	reason=nist_not_found	message=
2026-07-03 02:14:54	cid=6	cas=97-00-7	modality=ir	url=https://webbook.nist.gov/cgi/cbook.cgi?JCAMP=C97007&Index=2&Type=IR	reason=download_http_404	message=
2026-07-03 02:14:54	cid=6	cas=97-00-7	modality=ir	url=https://webbook.nist.gov/cgi/cbook.cgi?JCAMP=C97007&Index=3&Type=IR	reason=download_http_404	message=
2026-07-03 02:14:55	cid=6	cas=97-00-7	modality=ir	url=https://webbook.nist.gov/cgi/cbook.cgi?JCAMP=C97007&Index=4&Type=IR	reason=download_http_404	message=
2026-07-03 02:14:55	cid=6	cas=97-00-7	modality=ir	url=https://webbook.nist.gov/cgi/cbook.cgi?JCAMP=C97007&Index=5&Type=IR	reason=download_http_404	message=
2026-07-03 02:14:55	cid=6	cas=97-00-7	modality=ir	url=https://webbook.nist.gov/cgi/cbook.cgi?JCAMP=C97007&Index=6&Type=IR	reason=download_http_404	message=
2026-07-03 02:14:59	cid=6	cas=97-00-7	modality=ir	url=https://webbook.nist.gov/cgi/cbook.cgi?JCAMP=C97007&Index=7&Type=IR	reason=download_http_404	message=
2026-07-03 02:15:00	cid=6	cas=97-00-7	modality=ir	url=https://webbook.nist.gov/cgi/cbook.cgi?JCAMP=C97007&Index=8&Type=IR	reason=download_http_404	message=
2026-07-03 02:15:00	cid=6	cas=97-00-7	modality=ir	url=https://webbook.nist.gov/cgi/cbook.cgi?JCAMP=C97007&Index=9&Type=IR	reason=download_http_404	message=
2026-07-03 02:15:00	cid=6	cas=97-00-7	modality=uvvis	url=https://webbook.nist.gov/cgi/cbook.cgi?JCAMP=C97007&Index=1&Type=UVVis	reason=download_http_404	message=
2026-07-03 02:15:01	cid=6	cas=97-00-7	modality=uvvis	url=https://webbook.nist.gov/cgi/cbook.cgi?JCAMP=C97007&Index=2&Type=UVVis	reason=download_http_404	message=
2026-07-03 02:15:05	cid=6	cas=97-00-7	modality=uvvis	url=https://webbook.nist.gov/cgi/cbook.cgi?JCAMP=C97007&Index=3&Type=UVVis	reason=download_http_404	message=
2026-07-03 02:15:05	cid=6	cas=97-00-7	modality=uvvis	url=https://webbook.nist.gov/cgi/cbook.cgi?JCAMP=C97007&Index=4&Type=UVVis	reason=download_http_404	message=
2026-07-03 02:15:06	cid=6	cas=97-00-7	modality=uvvis	url=https://webbook.nist.gov/cgi/cbook.cgi?JCAMP=C97007&Index=5&Type=UVVis	reason=download_http_404	message=
2026-07-03 02:15:06	cid=6	cas=97-00-7	modality=uvvis	url=https://webbook.nist.gov/cgi/cbook.cgi?JCAMP=C97007&Index=6&Type=UVVis	reason=download_http_404	message=
2026-07-03 02:15:06	cid=6	cas=97-00-7	modality=uvvis	url=https://webbook.nist.gov/cgi/cbook.cgi?JCAMP=C97007&Index=7&Type=UVVis	reason=download_http_404	message=
2026-07-03 02:15:10	cid=6	cas=97-00-7	modality=uvvis	url=https://webbook.nist.gov/cgi/cbook.cgi?JCAMP=C97007&Index=8&Type=UVVis	reason=download_http_404	message=
2026-07-03 02:15:11	cid=6	cas=97-00-7	modality=uvvis	url=https://webbook.nist.gov/cgi/cbook.cgi?JCAMP=C97007&Index=9&Type=UVVis	reason=download_http_404	message=
2026-07-03 02:15:11	cid=6	cas=97-00-7	modality=	url=https://webbook.nist.gov/cgi/cbook.cgi?ID=97-00-7&Units=SI&Mask=480	reason=all_jcamp_downloads_failed	message=ir:download_http_404;ir:download_http_404;ir:download_http_404;ir:download_http_404;ir:download_http_404;ir:download_http_404;ir:download_http_404;ir:download_http_404;uvvis:download_http_404;uvvis:download_http_404;uvvis:download_http_404;uvvis:download_http_404;uvvis:download_http_404;uvvis:download_http_404;uvvis:download_http_404;uvvis:download_http_404;uvvis:download_http_404
2026-07-03 02:15:11	cid=7	cas=2715-68-6	modality=	url=https://webbook.nist.gov/cgi/cbook.cgi?ID=2715-68-6&Units=SI&Mask=480	reason=no_jcamp_links	message=
2026-07-03 02:15:12	cid=8	cas=562-43-6	modality=	url=https://webbook.nist.gov/cgi/cbook.cgi?ID=562-43-6&Units=SI&Mask=480	reason=nist_not_found	message=
2026-07-03 02:15:12	cid=9	cas=13004-72-3	modality=	url=https://webbook.nist.gov/cgi/cbook.cgi?ID=13004-72-3&Units=SI&Mask=480	reason=nist_not_found	message=
2026-07-03 02:15:14	cid=12	cas=634-94-6	modality=	url=https://webbook.nist.gov/cgi/cbook.cgi?ID=634-94-6&Units=SI&Mask=480	reason=nist_not_found	message=
2026-07-03 02:15:14	cid=13	cas=120-82-1	modality=ir	url=https://webbook.nist.gov/cgi/cbook.cgi?JCAMP=C120821&Index=3&Type=IR	reason=download_http_404	message=
2026-07-03 02:15:15	cid=13	cas=120-82-1	modality=ir	url=https://webbook.nist.gov/cgi/cbook.cgi?JCAMP=C120821&Index=4&Type=IR	reason=download_http_404	message=
2026-07-03 02:15:15	cid=13	cas=120-82-1	modality=ir	url=https://webbook.nist.gov/cgi/cbook.cgi?JCAMP=C120821&Index=5&Type=IR	reason=download_http_404	message=
2026-07-03 02:15:16	cid=13	cas=120-82-1	modality=ir	url=https://webbook.nist.gov/cgi/cbook.cgi?JCAMP=C120821&Index=6&Type=IR	reason=download_http_404	message=
2026-07-03 02:15:16	cid=13	cas=120-82-1	modality=ir	url=https://webbook.nist.gov/cgi/cbook.cgi?JCAMP=C120821&Index=7&Type=IR	reason=download_http_404	message=
2026-07-03 02:15:20	cid=13	cas=120-82-1	modality=ir	url=https://webbook.nist.gov/cgi/cbook.cgi?JCAMP=C120821&Index=8&Type=IR	reason=download_http_404	message=
2026-07-03 02:15:20	cid=13	cas=120-82-1	modality=ir	url=https://webbook.nist.gov/cgi/cbook.cgi?JCAMP=C120821&Index=9&Type=IR	reason=download_http_404	message=
2026-07-03 02:15:21	cid=13	cas=120-82-1	modality=uvvis	url=https://webbook.nist.gov/cgi/cbook.cgi?JCAMP=C120821&Index=1&Type=UVVis	reason=download_http_404	message=
2026-07-03 02:15:21	cid=13	cas=120-82-1	modality=uvvis	url=https://webbook.nist.gov/cgi/cbook.cgi?JCAMP=C120821&Index=2&Type=UVVis	reason=download_http_404	message=
2026-07-03 02:15:21	cid=13	cas=120-82-1	modality=uvvis	url=https://webbook.nist.gov/cgi/cbook.cgi?JCAMP=C120821&Index=3&Type=UVVis	reason=download_http_404	message=
2026-07-03 02:15:26	cid=13	cas=120-82-1	modality=uvvis	url=https://webbook.nist.gov/cgi/cbook.cgi?JCAMP=C120821&Index=4&Type=UVVis	reason=download_http_404	message=
2026-07-03 02:15:26	cid=13	cas=120-82-1	modality=uvvis	url=https://webbook.nist.gov/cgi/cbook.cgi?JCAMP=C120821&Index=5&Type=UVVis	reason=download_http_404	message=
2026-07-03 02:15:26	cid=13	cas=120-82-1	modality=uvvis	url=https://webbook.nist.gov/cgi/cbook.cgi?JCAMP=C120821&Index=6&Type=UVVis	reason=download_http_404	message=
2026-07-03 02:15:27	cid=13	cas=120-82-1	modality=uvvis	url=https://webbook.nist.gov/cgi/cbook.cgi?JCAMP=C120821&Index=7&Type=UVVis	reason=download_http_404	message=
2026-07-03 02:15:27	cid=13	cas=120-82-1	modality=uvvis	url=https://webbook.nist.gov/cgi/cbook.cgi?JCAMP=C120821&Index=8&Type=UVVis	reason=download_http_404	message=
2026-07-03 02:15:31	cid=13	cas=120-82-1	modality=uvvis	url=https://webbook.nist.gov/cgi/cbook.cgi?JCAMP=C120821&Index=9&Type=UVVis	reason=download_http_404	message=
2026-07-03 02:15:31	cid=13	cas=120-82-1	modality=	url=https://webbook.nist.gov/cgi/cbook.cgi?ID=120-82-1&Units=SI&Mask=480	reason=all_jcamp_downloads_failed	message=ir:download_http_404;ir:download_http_404;ir:download_http_404;ir:download_http_404;ir:download_http_404;ir:download_http_404;ir:download_http_404;uvvis:download_http_404;uvvis:download_http_404;uvvis:download_http_404;uvvis:download_http_404;uvvis:download_http_404;uvvis:download_http_404;uvvis:download_http_404;uvvis:download_http_404;uvvis:download_http_404
2026-07-03 02:15:31	cid=14	cas=	modality=	url=	reason=not_found	message=no_cas_in_synonyms
2026-07-03 02:15:31	cid=15	cas=	modality=	url=	reason=not_found	message=no_cas_in_synonyms
2026-07-03 02:15:32	cid=16	cas=56403-09-9	modality=	url=https://webbook.nist.gov/cgi/cbook.cgi?ID=56403-09-9&Units=SI&Mask=480	reason=no_jcamp_links	message=
2026-07-03 02:15:33	cid=17	cas=16052-12-3	modality=	url=https://webbook.nist.gov/cgi/cbook.cgi?ID=16052-12-3&Units=SI&Mask=480	reason=nist_not_found	message=
2026-07-03 02:15:33	cid=18	cas=	modality=	url=	reason=not_found	message=no_cas_in_synonyms
2026-07-03 02:15:34	cid=19	cas=303-38-8	modality=ir	url=https://webbook.nist.gov/cgi/cbook.cgi?JCAMP=C303388&Index=1&Type=IR	reason=download_http_404	message=
2026-07-03 02:15:34	cid=19	cas=303-38-8	modality=ir	url=https://webbook.nist.gov/cgi/cbook.cgi?JCAMP=C303388&Index=2&Type=IR	reason=download_http_404	message=
2026-07-03 02:15:34	cid=19	cas=303-38-8	modality=ir	url=https://webbook.nist.gov/cgi/cbook.cgi?JCAMP=C303388&Index=3&Type=IR	reason=download_http_404	message=
2026-07-03 02:15:35	cid=19	cas=303-38-8	modality=ir	url=https://webbook.nist.gov/cgi/cbook.cgi?JCAMP=C303388&Index=4&Type=IR	reason=download_http_404	message=
2026-07-03 02:15:39	cid=19	cas=303-38-8	modality=ir	url=https://webbook.nist.gov/cgi/cbook.cgi?JCAMP=C303388&Index=5&Type=IR	reason=download_http_404	message=
2026-07-03 02:15:39	cid=19	cas=303-38-8	modality=ir	url=https://webbook.nist.gov/cgi/cbook.cgi?JCAMP=C303388&Index=6&Type=IR	reason=download_http_404	message=
2026-07-03 02:15:40	cid=19	cas=303-38-8	modality=ir	url=https://webbook.nist.gov/cgi/cbook.cgi?JCAMP=C303388&Index=7&Type=IR	reason=download_http_404	message=
2026-07-03 02:15:40	cid=19	cas=303-38-8	modality=ir	url=https://webbook.nist.gov/cgi/cbook.cgi?JCAMP=C303388&Index=8&Type=IR	reason=download_http_404	message=
2026-07-03 02:15:40	cid=19	cas=303-38-8	modality=ir	url=https://webbook.nist.gov/cgi/cbook.cgi?JCAMP=C303388&Index=9&Type=IR	reason=download_http_404	message=
2026-07-03 02:15:40	cid=19	cas=303-38-8	modality=	url=https://webbook.nist.gov/cgi/cbook.cgi?ID=303-38-8&Units=SI&Mask=480	reason=all_jcamp_downloads_failed	message=ir:download_http_404;ir:download_http_404;ir:download_http_404;ir:download_http_404;ir:download_http_404;ir:download_http_404;ir:download_http_404;ir:download_http_404;ir:download_http_404
2026-07-03 02:15:41	cid=20	cas=3714-73-6	modality=	url=https://webbook.nist.gov/cgi/cbook.cgi?ID=3714-73-6&Units=SI&Mask=480	reason=nist_not_found	message=
2026-07-03 02:15:41	cid=21	cas=3142-65-2	modality=	url=https://webbook.nist.gov/cgi/cbook.cgi?ID=3142-65-2&Units=SI&Mask=480	reason=nist_not_found	message=
2026-07-03 02:15:42	cid=22	cas=918-44-5	modality=	url=https://webbook.nist.gov/cgi/cbook.cgi?ID=918-44-5&Units=SI&Mask=480	reason=nist_not_found	message=
2026-07-03 02:15:43	cid=23	cas=16597-58-3	modality=	url=https://webbook.nist.gov/cgi/cbook.cgi?ID=16597-58-3&Units=SI&Mask=480	reason=nist_not_found	message=
2026-07-03 02:15:43	cid=24	cas=	modality=	url=	reason=not_found	message=pubchem_synonyms_404
2026-07-03 02:15:43	cid=26	cas=	modality=	url=	reason=not_found	message=pubchem_synonyms_404
2026-07-03 02:15:43	cid=28	cas=	modality=	url=	reason=not_found	message=no_cas_in_synonyms
2026-07-03 02:15:43	cid=29	cas=	modality=	url=	reason=not_found	message=no_cas_in_synonyms
2026-07-03 02:15:44	cid=30	cas=150994-59-5	modality=	url=https://webbook.nist.gov/cgi/cbook.cgi?ID=150994-59-5&Units=SI&Mask=480	reason=nist_not_found	message=
2026-07-03 02:15:44	cid=31	cas=	modality=	url=	reason=not_found	message=no_cas_in_synonyms
2026-07-03 02:15:44	cid=32	cas=	modality=	url=	reason=not_found	message=no_cas_in_synonyms
2026-07-03 02:15:45	cid=33	cas=107-20-0	modality=	url=https://webbook.nist.gov/cgi/cbook.cgi?ID=107-20-0&Units=SI&Mask=480	reason=no_jcamp_links	message=
2026-07-03 02:15:46	cid=34	cas=107-07-3	modality=ir	url=https://webbook.nist.gov/cgi/cbook.cgi?JCAMP=C107073&Index=1&Type=IR	reason=download_http_404	message=
2026-07-03 02:15:46	cid=34	cas=107-07-3	modality=ir	url=https://webbook.nist.gov/cgi/cbook.cgi?JCAMP=C107073&Index=2&Type=IR	reason=download_http_404	message=
2026-07-03 02:15:47	cid=34	cas=107-07-3	modality=ir	url=https://webbook.nist.gov/cgi/cbook.cgi?JCAMP=C107073&Index=3&Type=IR	reason=download_http_404	message=
2026-07-03 02:15:47	cid=34	cas=107-07-3	modality=ir	url=https://webbook.nist.gov/cgi/cbook.cgi?JCAMP=C107073&Index=4&Type=IR	reason=download_http_404	message=
2026-07-03 02:15:47	cid=34	cas=107-07-3	modality=ir	url=https://webbook.nist.gov/cgi/cbook.cgi?JCAMP=C107073&Index=5&Type=IR	reason=download_http_404	message=
2026-07-03 02:15:51	cid=34	cas=107-07-3	modality=ir	url=https://webbook.nist.gov/cgi/cbook.cgi?JCAMP=C107073&Index=6&Type=IR	reason=download_http_404	message=
2026-07-03 02:15:52	cid=34	cas=107-07-3	modality=ir	url=https://webbook.nist.gov/cgi/cbook.cgi?JCAMP=C107073&Index=7&Type=IR	reason=download_http_404	message=
2026-07-03 02:15:52	cid=34	cas=107-07-3	modality=ir	url=https://webbook.nist.gov/cgi/cbook.cgi?JCAMP=C107073&Index=8&Type=IR	reason=download_http_404	message=
2026-07-03 02:15:52	cid=34	cas=107-07-3	modality=ir	url=https://webbook.nist.gov/cgi/cbook.cgi?JCAMP=C107073&Index=9&Type=IR	reason=download_http_404	message=
2026-07-03 02:15:52	cid=34	cas=107-07-3	modality=	url=https://webbook.nist.gov/cgi/cbook.cgi?ID=107-07-3&Units=SI&Mask=480	reason=all_jcamp_downloads_failed	message=ir:download_http_404;ir:download_http_404;ir:download_http_404;ir:download_http_404;ir:download_http_404;ir:download_http_404;ir:download_http_404;ir:download_http_404;ir:download_http_404
2026-07-03 02:15:53	cid=35	cas=	modality=	url=	reason=not_found	message=no_cas_in_synonyms
2026-07-03 02:15:53	cid=36	cas=16048-89-8	modality=	url=https://webbook.nist.gov/cgi/cbook.cgi?ID=16048-89-8&Units=SI&Mask=480	reason=nist_not_found	message=
2026-07-03 02:15:54	cid=37	cas=158647-63-3	modality=	url=https://webbook.nist.gov/cgi/cbook.cgi?ID=158647-63-3&Units=SI&Mask=480	reason=nist_not_found	message=
2026-07-03 02:15:54	cid=38	cas=470-30-4	modality=	url=https://webbook.nist.gov/cgi/cbook.cgi?ID=470-30-4&Units=SI&Mask=480	reason=nist_not_found	message=
2026-07-03 02:15:55	cid=39	cas=13031-04-4	modality=	url=https://webbook.nist.gov/cgi/cbook.cgi?ID=13031-04-4&Units=SI&Mask=480	reason=nist_not_found	message=
2026-07-03 02:15:55	cid=40	cas=	modality=	url=	reason=not_found	message=no_cas_in_synonyms
2026-07-03 02:15:56	cid=41	cas=629647-81-0	modality=	url=https://webbook.nist.gov/cgi/cbook.cgi?ID=629647-81-0&Units=SI&Mask=480	reason=nist_not_found	message=
2026-07-03 02:15:56	cid=42	cas=6670-61-7	modality=	url=https://webbook.nist.gov/cgi/cbook.cgi?ID=6670-61-7&Units=SI&Mask=480	reason=nist_not_found	message=
2026-07-03 02:15:57	cid=43	cas=2889-31-8	modality=	url=https://webbook.nist.gov/cgi/cbook.cgi?ID=2889-31-8&Units=SI&Mask=480	reason=nist_not_found	message=
2026-07-03 02:15:57	cid=44	cas=	modality=	url=	reason=not_found	message=no_cas_in_synonyms
2026-07-03 02:15:58	cid=45	cas=80-69-3	modality=	url=https://webbook.nist.gov/cgi/cbook.cgi?ID=80-69-3&Units=SI&Mask=480	reason=no_jcamp_links	message=
2026-07-03 02:15:58	cid=46	cas=	modality=	url=	reason=not_found	message=no_cas_in_synonyms
2026-07-03 02:15:58	cid=47	cas=1460-34-0	modality=	url=https://webbook.nist.gov/cgi/cbook.cgi?ID=1460-34-0&Units=SI&Mask=480	reason=nist_not_found	message=
2026-07-03 02:15:59	cid=48	cas=18465-19-5	modality=	url=https://webbook.nist.gov/cgi/cbook.cgi?ID=18465-19-5&Units=SI&Mask=480	reason=nist_not_found	message=
2026-07-03 02:16:00	cid=49	cas=759-05-7	modality=	url=https://webbook.nist.gov/cgi/cbook.cgi?ID=759-05-7&Units=SI&Mask=480	reason=nist_not_found	message=
2026-07-03 02:16:00	cid=50	cas=73803-83-5	modality=	url=https://webbook.nist.gov/cgi/cbook.cgi?ID=73803-83-5&Units=SI&Mask=480	reason=nist_not_found	message=
2026-07-03 02:16:01	cid=51	cas=328-50-7	modality=	url=https://webbook.nist.gov/cgi/cbook.cgi?ID=328-50-7&Units=SI&Mask=480	reason=no_jcamp_links	message=
2026-07-03 02:16:01	cid=55	cas=	modality=	url=	reason=not_found	message=pubchem_synonyms_404
2026-07-03 02:16:01	cid=56	cas=	modality=	url=	reason=not_found	message=pubchem_synonyms_404
2026-07-03 02:16:02	cid=57	cas=42187-47-3	modality=	url=https://webbook.nist.gov/cgi/cbook.cgi?ID=42187-47-3&Units=SI&Mask=480	reason=nist_not_found	message=
2026-07-03 02:16:03	cid=58	cas=600-18-0	modality=ir	url=https://webbook.nist.gov/cgi/cbook.cgi?JCAMP=C600180&Index=1&Type=IR	reason=download_http_404	message=
2026-07-03 02:16:03	cid=58	cas=600-18-0	modality=ir	url=https://webbook.nist.gov/cgi/cbook.cgi?JCAMP=C600180&Index=2&Type=IR	reason=download_http_404	message=
2026-07-03 02:16:03	cid=58	cas=600-18-0	modality=ir	url=https://webbook.nist.gov/cgi/cbook.cgi?JCAMP=C600180&Index=3&Type=IR	reason=download_http_404	message=
2026-07-03 02:16:04	cid=58	cas=600-18-0	modality=ir	url=https://webbook.nist.gov/cgi/cbook.cgi?JCAMP=C600180&Index=4&Type=IR	reason=download_http_404	message=
2026-07-03 02:16:04	cid=58	cas=600-18-0	modality=ir	url=https://webbook.nist.gov/cgi/cbook.cgi?JCAMP=C600180&Index=5&Type=IR	reason=download_http_404	message=
2026-07-03 02:16:08	cid=58	cas=600-18-0	modality=ir	url=https://webbook.nist.gov/cgi/cbook.cgi?JCAMP=C600180&Index=6&Type=IR	reason=download_http_404	message=
2026-07-03 02:16:08	cid=58	cas=600-18-0	modality=ir	url=https://webbook.nist.gov/cgi/cbook.cgi?JCAMP=C600180&Index=7&Type=IR	reason=download_http_404	message=
2026-07-03 02:16:09	cid=58	cas=600-18-0	modality=ir	url=https://webbook.nist.gov/cgi/cbook.cgi?JCAMP=C600180&Index=8&Type=IR	reason=download_http_404	message=
2026-07-03 02:16:09	cid=58	cas=600-18-0	modality=ir	url=https://webbook.nist.gov/cgi/cbook.cgi?JCAMP=C600180&Index=9&Type=IR	reason=download_http_404	message=
2026-07-03 02:16:09	cid=58	cas=600-18-0	modality=	url=https://webbook.nist.gov/cgi/cbook.cgi?ID=600-18-0&Units=SI&Mask=480	reason=all_jcamp_downloads_failed	message=ir:download_http_404;ir:download_http_404;ir:download_http_404;ir:download_http_404;ir:download_http_404;ir:download_http_404;ir:download_http_404;ir:download_http_404;ir:download_http_404
2026-07-03 02:16:10	cid=59	cas=2553-59-5	modality=	url=https://webbook.nist.gov/cgi/cbook.cgi?ID=2553-59-5&Units=SI&Mask=480	reason=nist_not_found	message=
2026-07-03 02:16:10	cid=60	cas=	modality=	url=	reason=not_found	message=no_cas_in_synonyms
2026-07-03 02:16:10	cid=61	cas=138-81-8	modality=	url=https://webbook.nist.gov/cgi/cbook.cgi?ID=138-81-8&Units=SI&Mask=480	reason=nist_not_found	message=
2026-07-03 02:16:11	cid=62	cas=	modality=	url=	reason=not_found	message=no_cas_in_synonyms
2026-07-03 02:16:11	cid=63	cas=24317-81-5	modality=	url=https://webbook.nist.gov/cgi/cbook.cgi?ID=24317-81-5&Units=SI&Mask=480	reason=nist_not_found	message=
2026-07-03 02:16:11	cid=64	cas=	modality=	url=	reason=not_found	message=no_cas_in_synonyms
2026-07-03 02:16:12	cid=65	cas=824-69-1	modality=	url=https://webbook.nist.gov/cgi/cbook.cgi?ID=824-69-1&Units=SI&Mask=480	reason=no_jcamp_links	message=
2026-07-03 02:16:13	cid=66	cas=583-78-8	modality=ir	url=https://webbook.nist.gov/cgi/cbook.cgi?JCAMP=C583788&Index=2&Type=IR	reason=download_http_404	message=
2026-07-03 02:16:13	cid=66	cas=583-78-8	modality=ir	url=https://webbook.nist.gov/cgi/cbook.cgi?JCAMP=C583788&Index=3&Type=IR	reason=download_http_404	message=
2026-07-03 02:16:14	cid=66	cas=583-78-8	modality=ir	url=https://webbook.nist.gov/cgi/cbook.cgi?JCAMP=C583788&Index=4&Type=IR	reason=download_http_404	message=
2026-07-03 02:16:14	cid=66	cas=583-78-8	modality=ir	url=https://webbook.nist.gov/cgi/cbook.cgi?JCAMP=C583788&Index=5&Type=IR	reason=download_http_404	message=
2026-07-03 02:16:14	cid=66	cas=583-78-8	modality=ir	url=https://webbook.nist.gov/cgi/cbook.cgi?JCAMP=C583788&Index=6&Type=IR	reason=download_http_404	message=
2026-07-03 02:16:19	cid=66	cas=583-78-8	modality=ir	url=https://webbook.nist.gov/cgi/cbook.cgi?JCAMP=C583788&Index=7&Type=IR	reason=download_http_404	message=
2026-07-03 02:16:19	cid=66	cas=583-78-8	modality=ir	url=https://webbook.nist.gov/cgi/cbook.cgi?JCAMP=C583788&Index=8&Type=IR	reason=download_http_404	message=
2026-07-03 02:16:19	cid=66	cas=583-78-8	modality=ir	url=https://webbook.nist.gov/cgi/cbook.cgi?JCAMP=C583788&Index=9&Type=IR	reason=download_http_404	message=
2026-07-03 02:16:19	cid=66	cas=583-78-8	modality=	url=https://webbook.nist.gov/cgi/cbook.cgi?ID=583-78-8&Units=SI&Mask=480	reason=all_jcamp_downloads_failed	message=ir:download_http_404;ir:download_http_404;ir:download_http_404;ir:download_http_404;ir:download_http_404;ir:download_http_404;ir:download_http_404;ir:download_http_404
2026-07-03 02:16:19	cid=67	cas=	modality=	url=	reason=not_found	message=no_cas_in_synonyms
2026-07-03 02:16:20	cid=68	cas=141816-32-2	modality=	url=https://webbook.nist.gov/cgi/cbook.cgi?ID=141816-32-2&Units=SI&Mask=480	reason=nist_not_found	message=
2026-07-03 02:16:21	cid=69	cas=7244-95-3	modality=	url=https://webbook.nist.gov/cgi/cbook.cgi?ID=7244-95-3&Units=SI&Mask=480	reason=nist_not_found	message=
2026-07-03 02:16:21	cid=70	cas=816-66-0	modality=	url=https://webbook.nist.gov/cgi/cbook.cgi?ID=816-66-0&Units=SI&Mask=480	reason=no_jcamp_links	message=
2026-07-03 02:16:22	cid=71	cas=3184-35-8	modality=	url=https://webbook.nist.gov/cgi/cbook.cgi?ID=3184-35-8&Units=SI&Mask=480	reason=no_jcamp_links	message=
2026-07-03 02:16:22	cid=72	cas=99-50-3	modality=	url=https://webbook.nist.gov/cgi/cbook.cgi?ID=99-50-3&Units=SI&Mask=480	reason=no_jcamp_links	message=
2026-07-03 02:16:23	cid=73	cas=	modality=	url=	reason=not_found	message=no_cas_in_synonyms
2026-07-03 02:16:23	cid=75	cas=352-92-1	modality=	url=https://webbook.nist.gov/cgi/cbook.cgi?ID=352-92-1&Units=SI&Mask=480	reason=nist_not_found	message=
2026-07-03 02:16:24	cid=76	cas=67034-83-7	modality=	url=https://webbook.nist.gov/cgi/cbook.cgi?ID=67034-83-7&Units=SI&Mask=480	reason=nist_not_found	message=
2026-07-03 02:16:24	cid=77	cas=3237-44-3	modality=	url=https://webbook.nist.gov/cgi/cbook.cgi?ID=3237-44-3&Units=SI&Mask=480	reason=nist_not_found	message=
2026-07-03 02:16:25	cid=78	cas=3981-36-0	modality=	url=https://webbook.nist.gov/cgi/cbook.cgi?ID=3981-36-0&Units=SI&Mask=480	reason=nist_not_found	message=
2026-07-03 02:16:26	cid=79	cas=100-54-9	modality=ir	url=https://webbook.nist.gov/cgi/cbook.cgi?JCAMP=C100549&Index=2&Type=IR	reason=download_http_404	message=
2026-07-03 02:16:26	cid=79	cas=100-54-9	modality=ir	url=https://webbook.nist.gov/cgi/cbook.cgi?JCAMP=C100549&Index=3&Type=IR	reason=download_http_404	message=
2026-07-03 02:16:27	cid=79	cas=100-54-9	modality=ir	url=https://webbook.nist.gov/cgi/cbook.cgi?JCAMP=C100549&Index=4&Type=IR	reason=download_http_404	message=
2026-07-03 02:16:27	cid=79	cas=100-54-9	modality=ir	url=https://webbook.nist.gov/cgi/cbook.cgi?JCAMP=C100549&Index=5&Type=IR	reason=download_http_404	message=
2026-07-03 02:16:27	cid=79	cas=100-54-9	modality=ir	url=https://webbook.nist.gov/cgi/cbook.cgi?JCAMP=C100549&Index=6&Type=IR	reason=download_http_404	message=
2026-07-03 02:16:31	cid=79	cas=100-54-9	modality=ir	url=https://webbook.nist.gov/cgi/cbook.cgi?JCAMP=C100549&Index=7&Type=IR	reason=download_http_404	message=
2026-07-03 02:16:32	cid=79	cas=100-54-9	modality=ir	url=https://webbook.nist.gov/cgi/cbook.cgi?JCAMP=C100549&Index=8&Type=IR	reason=download_http_404	message=
2026-07-03 02:16:32	cid=79	cas=100-54-9	modality=ir	url=https://webbook.nist.gov/cgi/cbook.cgi?JCAMP=C100549&Index=9&Type=IR	reason=download_http_404	message=
2026-07-03 02:16:32	cid=79	cas=100-54-9	modality=uvvis	url=https://webbook.nist.gov/cgi/cbook.cgi?JCAMP=C100549&Index=1&Type=UVVis	reason=download_http_404	message=
2026-07-03 02:16:33	cid=79	cas=100-54-9	modality=uvvis	url=https://webbook.nist.gov/cgi/cbook.cgi?JCAMP=C100549&Index=2&Type=UVVis	reason=download_http_404	message=
2026-07-03 02:16:37	cid=79	cas=100-54-9	modality=uvvis	url=https://webbook.nist.gov/cgi/cbook.cgi?JCAMP=C100549&Index=3&Type=UVVis	reason=download_http_404	message=
2026-07-03 02:16:37	cid=79	cas=100-54-9	modality=uvvis	url=https://webbook.nist.gov/cgi/cbook.cgi?JCAMP=C100549&Index=4&Type=UVVis	reason=download_http_404	message=
2026-07-03 02:16:38	cid=79	cas=100-54-9	modality=uvvis	url=https://webbook.nist.gov/cgi/cbook.cgi?JCAMP=C100549&Index=5&Type=UVVis	reason=download_http_404	message=
2026-07-03 02:16:38	cid=79	cas=100-54-9	modality=uvvis	url=https://webbook.nist.gov/cgi/cbook.cgi?JCAMP=C100549&Index=6&Type=UVVis	reason=download_http_404	message=
2026-07-03 02:16:38	cid=79	cas=100-54-9	modality=uvvis	url=https://webbook.nist.gov/cgi/cbook.cgi?JCAMP=C100549&Index=7&Type=UVVis	reason=download_http_404	message=
2026-07-03 02:16:42	cid=79	cas=100-54-9	modality=uvvis	url=https://webbook.nist.gov/cgi/cbook.cgi?JCAMP=C100549&Index=8&Type=UVVis	reason=download_http_404	message=
2026-07-03 02:16:43	cid=79	cas=100-54-9	modality=uvvis	url=https://webbook.nist.gov/cgi/cbook.cgi?JCAMP=C100549&Index=9&Type=UVVis	reason=download_http_404	message=
2026-07-03 02:16:43	cid=79	cas=100-54-9	modality=	url=https://webbook.nist.gov/cgi/cbook.cgi?ID=100-54-9&Units=SI&Mask=480	reason=all_jcamp_downloads_failed	message=ir:download_http_404;ir:download_http_404;ir:download_http_404;ir:download_http_404;ir:download_http_404;ir:download_http_404;ir:download_http_404;ir:download_http_404;uvvis:download_http_404;uvvis:download_http_404;uvvis:download_http_404;uvvis:download_http_404;uvvis:download_http_404;uvvis:download_http_404;uvvis:download_http_404;uvvis:download_http_404;uvvis:download_http_404
2026-07-03 02:16:43	cid=80	cas=	modality=	url=	reason=not_found	message=no_cas_in_synonyms
2026-07-03 02:16:43	cid=81	cas=	modality=	url=	reason=not_found	message=no_cas_in_synonyms
2026-07-03 02:16:44	cid=82	cas=27840-48-8	modality=	url=https://webbook.nist.gov/cgi/cbook.cgi?ID=27840-48-8&Units=SI&Mask=480	reason=nist_not_found	message=
2026-07-03 02:16:44	cid=85	cas=	modality=	url=	reason=not_found	message=no_cas_in_synonyms
2026-07-03 02:16:44	cid=86	cas=548-93-6	modality=	url=https://webbook.nist.gov/cgi/cbook.cgi?ID=548-93-6&Units=SI&Mask=480	reason=no_jcamp_links	message=
2026-07-03 02:16:45	cid=87	cas=2068-83-9	modality=	url=https://webbook.nist.gov/cgi/cbook.cgi?ID=2068-83-9&Units=SI&Mask=480	reason=nist_not_found	message=
2026-07-03 02:16:46	cid=89	cas=484-78-6	modality=	url=https://webbook.nist.gov/cgi/cbook.cgi?ID=484-78-6&Units=SI&Mask=480	reason=nist_not_found	message=
2026-07-03 02:16:46	cid=91	cas=621-54-5	modality=ir	url=https://webbook.nist.gov/cgi/cbook.cgi?JCAMP=C621545&Index=1&Type=IR	reason=download_http_404	message=
2026-07-03 02:16:47	cid=91	cas=621-54-5	modality=ir	url=https://webbook.nist.gov/cgi/cbook.cgi?JCAMP=C621545&Index=2&Type=IR	reason=download_http_404	message=
2026-07-03 02:16:47	cid=91	cas=621-54-5	modality=ir	url=https://webbook.nist.gov/cgi/cbook.cgi?JCAMP=C621545&Index=3&Type=IR	reason=download_http_404	message=
2026-07-03 02:16:48	cid=91	cas=621-54-5	modality=ir	url=https://webbook.nist.gov/cgi/cbook.cgi?JCAMP=C621545&Index=4&Type=IR	reason=download_http_404	message=
2026-07-03 02:16:48	cid=91	cas=621-54-5	modality=ir	url=https://webbook.nist.gov/cgi/cbook.cgi?JCAMP=C621545&Index=5&Type=IR	reason=download_http_404	message=
2026-07-03 02:16:52	cid=91	cas=621-54-5	modality=ir	url=https://webbook.nist.gov/cgi/cbook.cgi?JCAMP=C621545&Index=6&Type=IR	reason=download_http_404	message=
2026-07-03 02:16:52	cid=91	cas=621-54-5	modality=ir	url=https://webbook.nist.gov/cgi/cbook.cgi?JCAMP=C621545&Index=7&Type=IR	reason=download_http_404	message=
2026-07-03 02:16:53	cid=91	cas=621-54-5	modality=ir	url=https://webbook.nist.gov/cgi/cbook.cgi?JCAMP=C621545&Index=8&Type=IR	reason=download_http_404	message=
2026-07-03 02:16:53	cid=91	cas=621-54-5	modality=ir	url=https://webbook.nist.gov/cgi/cbook.cgi?JCAMP=C621545&Index=9&Type=IR	reason=download_http_404	message=
2026-07-03 02:16:53	cid=91	cas=621-54-5	modality=	url=https://webbook.nist.gov/cgi/cbook.cgi?ID=621-54-5&Units=SI&Mask=480	reason=all_jcamp_downloads_failed	message=ir:download_http_404;ir:download_http_404;ir:download_http_404;ir:download_http_404;ir:download_http_404;ir:download_http_404;ir:download_http_404;ir:download_http_404;ir:download_http_404
2026-07-03 02:16:53	cid=92	cas=	modality=	url=	reason=not_found	message=no_cas_in_synonyms
2026-07-03 02:16:54	cid=93	cas=689-31-6	modality=	url=https://webbook.nist.gov/cgi/cbook.cgi?ID=689-31-6&Units=SI&Mask=480	reason=no_jcamp_links	message=
2026-07-03 02:16:54	cid=95	cas=	modality=	url=	reason=not_found	message=no_cas_in_synonyms
2026-07-03 02:16:55	cid=96	cas=541-50-4	modality=	url=https://webbook.nist.gov/cgi/cbook.cgi?ID=541-50-4&Units=SI&Mask=480	reason=no_jcamp_links	message=
2026-07-03 02:16:55	cid=97	cas=	modality=	url=	reason=not_found	message=pubchem_synonyms_404
2026-07-03 02:16:55	cid=98	cas=2464-23-5	modality=	url=https://webbook.nist.gov/cgi/cbook.cgi?ID=2464-23-5&Units=SI&Mask=480	reason=nist_not_found	message=
2026-07-03 02:16:56	cid=100	cas=	modality=	url=	reason=not_found	message=pubchem_synonyms_404
2026-07-03 02:16:57	cid=101	cas=100-83-4	modality=ir	url=https://webbook.nist.gov/cgi/cbook.cgi?JCAMP=C100834&Index=1&Type=IR	reason=download_http_404	message=
2026-07-03 02:16:57	cid=101	cas=100-83-4	modality=ir	url=https://webbook.nist.gov/cgi/cbook.cgi?JCAMP=C100834&Index=2&Type=IR	reason=download_http_404	message=
2026-07-03 02:16:57	cid=101	cas=100-83-4	modality=ir	url=https://webbook.nist.gov/cgi/cbook.cgi?JCAMP=C100834&Index=3&Type=IR	reason=download_http_404	message=
2026-07-03 02:16:58	cid=101	cas=100-83-4	modality=ir	url=https://webbook.nist.gov/cgi/cbook.cgi?JCAMP=C100834&Index=4&Type=IR	reason=download_http_404	message=
2026-07-03 02:16:58	cid=101	cas=100-83-4	modality=ir	url=https://webbook.nist.gov/cgi/cbook.cgi?JCAMP=C100834&Index=5&Type=IR	reason=download_http_404	message=
2026-07-03 02:17:02	cid=101	cas=100-83-4	modality=ir	url=https://webbook.nist.gov/cgi/cbook.cgi?JCAMP=C100834&Index=6&Type=IR	reason=download_http_404	message=
2026-07-03 02:17:02	cid=101	cas=100-83-4	modality=ir	url=https://webbook.nist.gov/cgi/cbook.cgi?JCAMP=C100834&Index=7&Type=IR	reason=download_http_404	message=
2026-07-03 02:17:03	cid=101	cas=100-83-4	modality=ir	url=https://webbook.nist.gov/cgi/cbook.cgi?JCAMP=C100834&Index=8&Type=IR	reason=download_http_404	message=
2026-07-03 02:17:04	cid=101	cas=100-83-4	modality=ir	url=https://webbook.nist.gov/cgi/cbook.cgi?JCAMP=C100834&Index=9&Type=IR	reason=download_http_404	message=
2026-07-03 02:17:04	cid=101	cas=100-83-4	modality=uvvis	url=https://webbook.nist.gov/cgi/cbook.cgi?JCAMP=C100834&Index=1&Type=UVVis	reason=download_http_404	message=
2026-07-03 02:17:08	cid=101	cas=100-83-4	modality=uvvis	url=https://webbook.nist.gov/cgi/cbook.cgi?JCAMP=C100834&Index=2&Type=UVVis	reason=download_http_404	message=
2026-07-03 02:17:08	cid=101	cas=100-83-4	modality=uvvis	url=https://webbook.nist.gov/cgi/cbook.cgi?JCAMP=C100834&Index=3&Type=UVVis	reason=download_http_404	message=
2026-07-03 02:17:09	cid=101	cas=100-83-4	modality=uvvis	url=https://webbook.nist.gov/cgi/cbook.cgi?JCAMP=C100834&Index=4&Type=UVVis	reason=download_http_404	message=
2026-07-03 02:17:09	cid=101	cas=100-83-4	modality=uvvis	url=https://webbook.nist.gov/cgi/cbook.cgi?JCAMP=C100834&Index=5&Type=UVVis	reason=download_http_404	message=
2026-07-03 02:17:09	cid=101	cas=100-83-4	modality=uvvis	url=https://webbook.nist.gov/cgi/cbook.cgi?JCAMP=C100834&Index=6&Type=UVVis	reason=download_http_404	message=
2026-07-03 02:17:14	cid=101	cas=100-83-4	modality=uvvis	url=https://webbook.nist.gov/cgi/cbook.cgi?JCAMP=C100834&Index=7&Type=UVVis	reason=download_http_404	message=
2026-07-03 02:17:14	cid=101	cas=100-83-4	modality=uvvis	url=https://webbook.nist.gov/cgi/cbook.cgi?JCAMP=C100834&Index=8&Type=UVVis	reason=download_http_404	message=
2026-07-03 02:17:14	cid=101	cas=100-83-4	modality=uvvis	url=https://webbook.nist.gov/cgi/cbook.cgi?JCAMP=C100834&Index=9&Type=UVVis	reason=download_http_404	message=
2026-07-03 02:17:14	cid=101	cas=100-83-4	modality=	url=https://webbook.nist.gov/cgi/cbook.cgi?ID=100-83-4&Units=SI&Mask=480	reason=all_jcamp_downloads_failed	message=ir:download_http_404;ir:download_http_404;ir:download_http_404;ir:download_http_404;ir:download_http_404;ir:download_http_404;ir:download_http_404;ir:download_http_404;ir:download_http_404;uvvis:download_http_404;uvvis:download_http_404;uvvis:download_http_404;uvvis:download_http_404;uvvis:download_http_404;uvvis:download_http_404;uvvis:download_http_404;uvvis:download_http_404;uvvis:download_http_404
2026-07-03 02:17:15	cid=102	cas=620-24-6	modality=ir	url=https://webbook.nist.gov/cgi/cbook.cgi?JCAMP=C620246&Index=1&Type=IR	reason=download_http_404	message=
2026-07-03 02:17:16	cid=102	cas=620-24-6	modality=ir	url=https://webbook.nist.gov/cgi/cbook.cgi?JCAMP=C620246&Index=2&Type=IR	reason=download_http_404	message=
2026-07-03 02:17:20	cid=102	cas=620-24-6	modality=ir	url=https://webbook.nist.gov/cgi/cbook.cgi?JCAMP=C620246&Index=3&Type=IR	reason=download_http_404	message=
2026-07-03 02:17:20	cid=102	cas=620-24-6	modality=ir	url=https://webbook.nist.gov/cgi/cbook.cgi?JCAMP=C620246&Index=4&Type=IR	reason=download_http_404	message=
2026-07-03 02:17:20	cid=102	cas=620-24-6	modality=ir	url=https://webbook.nist.gov/cgi/cbook.cgi?JCAMP=C620246&Index=5&Type=IR	reason=download_http_404	message=
2026-07-03 02:17:21	cid=102	cas=620-24-6	modality=ir	url=https://webbook.nist.gov/cgi/cbook.cgi?JCAMP=C620246&Index=6&Type=IR	reason=download_http_404	message=
2026-07-03 02:17:21	cid=102	cas=620-24-6	modality=ir	url=https://webbook.nist.gov/cgi/cbook.cgi?JCAMP=C620246&Index=7&Type=IR	reason=download_http_404	message=
2026-07-03 02:17:25	cid=102	cas=620-24-6	modality=ir	url=https://webbook.nist.gov/cgi/cbook.cgi?JCAMP=C620246&Index=8&Type=IR	reason=download_http_404	message=
2026-07-03 02:17:26	cid=102	cas=620-24-6	modality=ir	url=https://webbook.nist.gov/cgi/cbook.cgi?JCAMP=C620246&Index=9&Type=IR	reason=download_http_404	message=
2026-07-03 02:17:26	cid=102	cas=620-24-6	modality=	url=https://webbook.nist.gov/cgi/cbook.cgi?ID=620-24-6&Units=SI&Mask=480	reason=all_jcamp_downloads_failed	message=ir:download_http_404;ir:download_http_404;ir:download_http_404;ir:download_http_404;ir:download_http_404;ir:download_http_404;ir:download_http_404;ir:download_http_404;ir:download_http_404
2026-07-03 02:17:26	cid=104	cas=1124-49-8	modality=	url=https://webbook.nist.gov/cgi/cbook.cgi?ID=1124-49-8&Units=SI&Mask=480	reason=nist_not_found	message=
2026-07-03 02:17:27	cid=105	cas=3913-50-6	modality=	url=https://webbook.nist.gov/cgi/cbook.cgi?ID=3913-50-6&Units=SI&Mask=480	reason=nist_not_found	message=
2026-07-03 02:17:27	cid=106	cas=17885-08-4	modality=	url=https://webbook.nist.gov/cgi/cbook.cgi?ID=17885-08-4&Units=SI&Mask=480	reason=nist_not_found	message=
2026-07-03 02:17:28	cid=107	cas=501-52-0	modality=ir	url=https://webbook.nist.gov/cgi/cbook.cgi?JCAMP=C501520&Index=2&Type=IR	reason=download_http_404	message=
2026-07-03 02:17:29	cid=107	cas=501-52-0	modality=ir	url=https://webbook.nist.gov/cgi/cbook.cgi?JCAMP=C501520&Index=3&Type=IR	reason=download_http_404	message=
2026-07-03 02:17:29	cid=107	cas=501-52-0	modality=ir	url=https://webbook.nist.gov/cgi/cbook.cgi?JCAMP=C501520&Index=4&Type=IR	reason=download_http_404	message=
2026-07-03 02:17:33	cid=107	cas=501-52-0	modality=ir	url=https://webbook.nist.gov/cgi/cbook.cgi?JCAMP=C501520&Index=5&Type=IR	reason=download_http_404	message=
2026-07-03 02:17:33	cid=107	cas=501-52-0	modality=ir	url=https://webbook.nist.gov/cgi/cbook.cgi?JCAMP=C501520&Index=6&Type=IR	reason=download_http_404	message=
2026-07-03 02:17:34	cid=107	cas=501-52-0	modality=ir	url=https://webbook.nist.gov/cgi/cbook.cgi?JCAMP=C501520&Index=7&Type=IR	reason=download_http_404	message=
2026-07-03 02:17:34	cid=107	cas=501-52-0	modality=ir	url=https://webbook.nist.gov/cgi/cbook.cgi?JCAMP=C501520&Index=8&Type=IR	reason=download_http_404	message=
2026-07-03 02:17:34	cid=107	cas=501-52-0	modality=ir	url=https://webbook.nist.gov/cgi/cbook.cgi?JCAMP=C501520&Index=9&Type=IR	reason=download_http_404	message=
2026-07-03 02:17:38	cid=107	cas=501-52-0	modality=uvvis	url=https://webbook.nist.gov/cgi/cbook.cgi?JCAMP=C501520&Index=1&Type=UVVis	reason=download_http_404	message=
2026-07-03 02:17:39	cid=107	cas=501-52-0	modality=uvvis	url=https://webbook.nist.gov/cgi/cbook.cgi?JCAMP=C501520&Index=2&Type=UVVis	reason=download_http_404	message=
2026-07-03 02:17:39	cid=107	cas=501-52-0	modality=uvvis	url=https://webbook.nist.gov/cgi/cbook.cgi?JCAMP=C501520&Index=3&Type=UVVis	reason=download_http_404	message=
2026-07-03 02:17:40	cid=107	cas=501-52-0	modality=uvvis	url=https://webbook.nist.gov/cgi/cbook.cgi?JCAMP=C501520&Index=4&Type=UVVis	reason=download_http_404	message=
2026-07-03 02:17:40	cid=107	cas=501-52-0	modality=uvvis	url=https://webbook.nist.gov/cgi/cbook.cgi?JCAMP=C501520&Index=5&Type=UVVis	reason=download_http_404	message=
2026-07-03 02:17:44	cid=107	cas=501-52-0	modality=uvvis	url=https://webbook.nist.gov/cgi/cbook.cgi?JCAMP=C501520&Index=6&Type=UVVis	reason=download_http_404	message=
2026-07-03 02:17:44	cid=107	cas=501-52-0	modality=uvvis	url=https://webbook.nist.gov/cgi/cbook.cgi?JCAMP=C501520&Index=7&Type=UVVis	reason=download_http_404	message=
2026-07-03 02:17:45	cid=107	cas=501-52-0	modality=uvvis	url=https://webbook.nist.gov/cgi/cbook.cgi?JCAMP=C501520&Index=8&Type=UVVis	reason=download_http_404	message=
2026-07-03 02:17:45	cid=107	cas=501-52-0	modality=uvvis	url=https://webbook.nist.gov/cgi/cbook.cgi?JCAMP=C501520&Index=9&Type=UVVis	reason=download_http_404	message=
2026-07-03 02:17:45	cid=107	cas=501-52-0	modality=	url=https://webbook.nist.gov/cgi/cbook.cgi?ID=501-52-0&Units=SI&Mask=480	reason=all_jcamp_downloads_failed	message=ir:download_http_404;ir:download_http_404;ir:download_http_404;ir:download_http_404;ir:download_http_404;ir:download_http_404;ir:download_http_404;ir:download_http_404;uvvis:download_http_404;uvvis:download_http_404;uvvis:download_http_404;uvvis:download_http_404;uvvis:download_http_404;uvvis:download_http_404;uvvis:download_http_404;uvvis:download_http_404;uvvis:download_http_404
2026-07-03 02:17:46	cid=108	cas=501-81-5	modality=	url=https://webbook.nist.gov/cgi/cbook.cgi?ID=501-81-5&Units=SI&Mask=480	reason=nist_not_found	message=
2026-07-03 02:17:46	cid=109	cas=2381-08-0	modality=	url=https://webbook.nist.gov/cgi/cbook.cgi?ID=2381-08-0&Units=SI&Mask=480	reason=nist_not_found	message=
2026-07-03 02:17:47	cid=110	cas=88947-38-0	modality=	url=https://webbook.nist.gov/cgi/cbook.cgi?ID=88947-38-0&Units=SI&Mask=480	reason=nist_not_found	message=
2026-07-03 02:17:47	cid=111	cas=462-88-4	modality=	url=https://webbook.nist.gov/cgi/cbook.cgi?ID=462-88-4&Units=SI&Mask=480	reason=nist_not_found	message=
2026-07-03 02:17:48	cid=112	cas=	modality=	url=	reason=not_found	message=pubchem_synonyms_404
2026-07-03 02:17:48	cid=113	cas=	modality=	url=	reason=not_found	message=no_cas_in_synonyms
2026-07-03 02:17:48	cid=114	cas=17270-50-7	modality=	url=https://webbook.nist.gov/cgi/cbook.cgi?ID=17270-50-7&Units=SI&Mask=480	reason=nist_not_found	message=
