2026-07-02 22:02:42	cid=1	cas=14992-62-2	modality=	url=https://webbook.nist.gov/cgi/cbook.cgi?ID=14992-62-2&Units=SI&Mask=480	reason=nist_not_found	message=
2026-07-02 22:02:44	cid=2	cas=7559-18-4	modality=	url=https://webbook.nist.gov/cgi/cbook.cgi?ID=7559-18-4&Units=SI&Mask=480	reason=nist_not_found	message=
2026-07-02 22:02:45	cid=3	cas=	modality=	url=	reason=not_found	message=no_cas_in_synonyms
2026-07-02 22:02:47	cid=4	cas=78-96-6	modality=ir	url=https://webbook.nist.gov/cgi/cbook.cgi?JCAMP=C2799168&Index=0&Type=IR	reason=download_http_404	message=
2026-07-02 22:02:48	cid=4	cas=78-96-6	modality=ir	url=https://webbook.nist.gov/cgi/cbook.cgi?JCAMP=C2799168&Index=1&Type=IR	reason=download_http_404	message=
2026-07-02 22:02:48	cid=4	cas=78-96-6	modality=ir	url=https://webbook.nist.gov/cgi/cbook.cgi?JCAMP=C2799168&Index=2&Type=IR	reason=download_http_404	message=
2026-07-02 22:02:48	cid=4	cas=78-96-6	modality=ir	url=https://webbook.nist.gov/cgi/cbook.cgi?JCAMP=C2799168&Index=3&Type=IR	reason=download_http_404	message=
2026-07-02 22:02:49	cid=4	cas=78-96-6	modality=ir	url=https://webbook.nist.gov/cgi/cbook.cgi?JCAMP=C2799168&Index=4&Type=IR	reason=download_http_404	message=
2026-07-02 22:02:54	cid=4	cas=78-96-6	modality=ir	url=https://webbook.nist.gov/cgi/cbook.cgi?JCAMP=C2799168&Index=5&Type=IR	reason=download_http_404	message=
2026-07-02 22:02:54	cid=4	cas=78-96-6	modality=ir	url=https://webbook.nist.gov/cgi/cbook.cgi?JCAMP=C2799168&Index=6&Type=IR	reason=download_http_404	message=
2026-07-02 22:02:54	cid=4	cas=78-96-6	modality=ir	url=https://webbook.nist.gov/cgi/cbook.cgi?JCAMP=C2799168&Index=7&Type=IR	reason=download_http_404	message=
2026-07-02 22:02:55	cid=4	cas=78-96-6	modality=ir	url=https://webbook.nist.gov/cgi/cbook.cgi?JCAMP=C2799168&Index=8&Type=IR	reason=download_http_404	message=
2026-07-02 22:02:56	cid=4	cas=78-96-6	modality=ir	url=https://webbook.nist.gov/cgi/cbook.cgi?JCAMP=C2799168&Index=9&Type=IR	reason=download_http_404	message=
2026-07-02 22:02:56	cid=4	cas=78-96-6	modality=	url=https://webbook.nist.gov/cgi/cbook.cgi?ID=78-96-6&Units=SI&Mask=480	reason=all_jcamp_downloads_failed	message=ir:download_http_404;ir:download_http_404;ir:download_http_404;ir:download_http_404;ir:download_http_404;ir:download_http_404;ir:download_http_404;ir:download_http_404;ir:download_http_404;ir:download_http_404
2026-07-02 22:02:58	cid=5	cas=205189-34-0	modality=	url=https://webbook.nist.gov/cgi/cbook.cgi?ID=205189-34-0&Units=SI&Mask=480	reason=nist_not_found	message=
2026-07-02 22:03:02	cid=6	cas=97-00-7	modality=ir	url=https://webbook.nist.gov/cgi/cbook.cgi?JCAMP=C97007&Index=2&Type=IR	reason=download_http_404	message=
2026-07-02 22:03:02	cid=6	cas=97-00-7	modality=ir	url=https://webbook.nist.gov/cgi/cbook.cgi?JCAMP=C97007&Index=3&Type=IR	reason=download_http_404	message=
2026-07-02 22:03:06	cid=6	cas=97-00-7	modality=ir	url=https://webbook.nist.gov/cgi/cbook.cgi?JCAMP=C97007&Index=4&Type=IR	reason=download_http_404	message=
2026-07-02 22:03:07	cid=6	cas=97-00-7	modality=ir	url=https://webbook.nist.gov/cgi/cbook.cgi?JCAMP=C97007&Index=5&Type=IR	reason=download_http_404	message=
2026-07-02 22:03:11	cid=6	cas=97-00-7	modality=ir	url=https://webbook.nist.gov/cgi/cbook.cgi?JCAMP=C97007&Index=6&Type=IR	reason=download_http_404	message=
2026-07-02 22:03:12	cid=6	cas=97-00-7	modality=ir	url=https://webbook.nist.gov/cgi/cbook.cgi?JCAMP=C97007&Index=7&Type=IR	reason=download_http_404	message=
2026-07-02 22:03:13	cid=6	cas=97-00-7	modality=ir	url=https://webbook.nist.gov/cgi/cbook.cgi?JCAMP=C97007&Index=8&Type=IR	reason=download_http_404	message=
2026-07-02 22:03:13	cid=6	cas=97-00-7	modality=ir	url=https://webbook.nist.gov/cgi/cbook.cgi?JCAMP=C97007&Index=9&Type=IR	reason=download_http_404	message=
2026-07-02 22:03:23	cid=6	cas=97-00-7	modality=uvvis	url=https://webbook.nist.gov/cgi/cbook.cgi?JCAMP=C97007&Index=1&Type=UVVis	reason=download_http_404	message=
2026-07-02 22:03:23	cid=6	cas=97-00-7	modality=uvvis	url=https://webbook.nist.gov/cgi/cbook.cgi?JCAMP=C97007&Index=2&Type=UVVis	reason=download_http_404	message=
2026-07-02 22:03:24	cid=6	cas=97-00-7	modality=uvvis	url=https://webbook.nist.gov/cgi/cbook.cgi?JCAMP=C97007&Index=3&Type=UVVis	reason=download_http_404	message=
2026-07-02 22:03:24	cid=6	cas=97-00-7	modality=uvvis	url=https://webbook.nist.gov/cgi/cbook.cgi?JCAMP=C97007&Index=4&Type=UVVis	reason=download_http_404	message=
2026-07-02 22:03:24	cid=6	cas=97-00-7	modality=uvvis	url=https://webbook.nist.gov/cgi/cbook.cgi?JCAMP=C97007&Index=5&Type=UVVis	reason=download_http_404	message=
2026-07-02 22:03:29	cid=6	cas=97-00-7	modality=uvvis	url=https://webbook.nist.gov/cgi/cbook.cgi?JCAMP=C97007&Index=6&Type=UVVis	reason=download_http_404	message=
2026-07-02 22:03:29	cid=6	cas=97-00-7	modality=uvvis	url=https://webbook.nist.gov/cgi/cbook.cgi?JCAMP=C97007&Index=7&Type=UVVis	reason=download_http_404	message=
2026-07-02 22:03:30	cid=6	cas=97-00-7	modality=uvvis	url=https://webbook.nist.gov/cgi/cbook.cgi?JCAMP=C97007&Index=8&Type=UVVis	reason=download_http_404	message=
2026-07-02 22:03:30	cid=6	cas=97-00-7	modality=uvvis	url=https://webbook.nist.gov/cgi/cbook.cgi?JCAMP=C97007&Index=9&Type=UVVis	reason=download_http_404	message=
2026-07-02 22:03:33	cid=7	cas=2715-68-6	modality=	url=https://webbook.nist.gov/cgi/cbook.cgi?ID=2715-68-6&Units=SI&Mask=480	reason=no_jcamp_links	message=
2026-07-02 22:03:34	cid=8	cas=562-43-6	modality=	url=https://webbook.nist.gov/cgi/cbook.cgi?ID=562-43-6&Units=SI&Mask=480	reason=nist_not_found	message=
2026-07-02 22:03:35	cid=9	cas=13004-72-3	modality=	url=https://webbook.nist.gov/cgi/cbook.cgi?ID=13004-72-3&Units=SI&Mask=480	reason=nist_not_found	message=
2026-07-03 01:59:12	cid=1	cas=14992-62-2	modality=	url=https://webbook.nist.gov/cgi/cbook.cgi?ID=14992-62-2&Units=SI&Mask=480	reason=nist_not_found	message=
2026-07-03 01:59:13	cid=2	cas=7559-18-4	modality=	url=https://webbook.nist.gov/cgi/cbook.cgi?ID=7559-18-4&Units=SI&Mask=480	reason=nist_not_found	message=
2026-07-03 01:59:14	cid=3	cas=	modality=	url=	reason=not_found	message=no_cas_in_synonyms
2026-07-03 01:59:16	cid=4	cas=78-96-6	modality=ir	url=https://webbook.nist.gov/cgi/cbook.cgi?JCAMP=C2799168&Index=0&Type=IR	reason=download_http_404	message=
2026-07-03 01:59:16	cid=4	cas=78-96-6	modality=ir	url=https://webbook.nist.gov/cgi/cbook.cgi?JCAMP=C2799168&Index=1&Type=IR	reason=download_http_404	message=
2026-07-03 01:59:16	cid=4	cas=78-96-6	modality=ir	url=https://webbook.nist.gov/cgi/cbook.cgi?JCAMP=C2799168&Index=2&Type=IR	reason=download_http_404	message=
2026-07-03 01:59:17	cid=4	cas=78-96-6	modality=ir	url=https://webbook.nist.gov/cgi/cbook.cgi?JCAMP=C2799168&Index=3&Type=IR	reason=download_http_404	message=
2026-07-03 01:59:27	cid=4	cas=78-96-6	modality=ir	url=https://webbook.nist.gov/cgi/cbook.cgi?JCAMP=C2799168&Index=4&Type=IR	reason=download_http_404	message=
2026-07-03 01:59:27	cid=4	cas=78-96-6	modality=ir	url=https://webbook.nist.gov/cgi/cbook.cgi?JCAMP=C2799168&Index=5&Type=IR	reason=download_http_404	message=
2026-07-03 01:59:28	cid=4	cas=78-96-6	modality=ir	url=https://webbook.nist.gov/cgi/cbook.cgi?JCAMP=C2799168&Index=6&Type=IR	reason=download_http_404	message=
2026-07-03 01:59:28	cid=4	cas=78-96-6	modality=ir	url=https://webbook.nist.gov/cgi/cbook.cgi?JCAMP=C2799168&Index=7&Type=IR	reason=download_http_404	message=
2026-07-03 01:59:28	cid=4	cas=78-96-6	modality=ir	url=https://webbook.nist.gov/cgi/cbook.cgi?JCAMP=C2799168&Index=8&Type=IR	reason=download_http_404	message=
2026-07-03 01:59:38	cid=4	cas=78-96-6	modality=ir	url=https://webbook.nist.gov/cgi/cbook.cgi?JCAMP=C2799168&Index=9&Type=IR	reason=download_http_404	message=
2026-07-03 01:59:38	cid=4	cas=78-96-6	modality=	url=https://webbook.nist.gov/cgi/cbook.cgi?ID=78-96-6&Units=SI&Mask=480	reason=all_jcamp_downloads_failed	message=ir:download_http_404;ir:download_http_404;ir:download_http_404;ir:download_http_404;ir:download_http_404;ir:download_http_404;ir:download_http_404;ir:download_http_404;ir:download_http_404;ir:download_http_404
2026-07-03 01:59:40	cid=5	cas=205189-34-0	modality=	url=https://webbook.nist.gov/cgi/cbook.cgi?ID=205189-34-0&Units=SI&Mask=480	reason=nist_not_found	message=
2026-07-03 01:59:41	cid=6	cas=97-00-7	modality=ir	url=https://webbook.nist.gov/cgi/cbook.cgi?JCAMP=C97007&Index=2&Type=IR	reason=download_http_404	message=
2026-07-03 01:59:42	cid=6	cas=97-00-7	modality=ir	url=https://webbook.nist.gov/cgi/cbook.cgi?JCAMP=C97007&Index=3&Type=IR	reason=download_http_404	message=
2026-07-03 01:59:42	cid=6	cas=97-00-7	modality=ir	url=https://webbook.nist.gov/cgi/cbook.cgi?JCAMP=C97007&Index=4&Type=IR	reason=download_http_404	message=
2026-07-03 01:59:42	cid=6	cas=97-00-7	modality=ir	url=https://webbook.nist.gov/cgi/cbook.cgi?JCAMP=C97007&Index=5&Type=IR	reason=download_http_404	message=
2026-07-03 02:04:23	cid=1	cas=14992-62-2	modality=	url=https://webbook.nist.gov/cgi/cbook.cgi?ID=14992-62-2&Units=SI&Mask=480	reason=nist_not_found	message=
2026-07-03 02:04:24	cid=2	cas=7559-18-4	modality=	url=https://webbook.nist.gov/cgi/cbook.cgi?ID=7559-18-4&Units=SI&Mask=480	reason=nist_not_found	message=
2026-07-03 02:04:24	cid=3	cas=	modality=	url=	reason=not_found	message=no_cas_in_synonyms
2026-07-03 02:04:26	cid=4	cas=78-96-6	modality=ir	url=https://webbook.nist.gov/cgi/cbook.cgi?JCAMP=C2799168&Index=0&Type=IR	reason=download_http_404	message=
2026-07-03 02:04:26	cid=4	cas=78-96-6	modality=ir	url=https://webbook.nist.gov/cgi/cbook.cgi?JCAMP=C2799168&Index=1&Type=IR	reason=download_http_404	message=
2026-07-03 02:04:26	cid=4	cas=78-96-6	modality=ir	url=https://webbook.nist.gov/cgi/cbook.cgi?JCAMP=C2799168&Index=2&Type=IR	reason=download_http_404	message=
2026-07-03 02:04:27	cid=4	cas=78-96-6	modality=ir	url=https://webbook.nist.gov/cgi/cbook.cgi?JCAMP=C2799168&Index=3&Type=IR	reason=download_http_404	message=
2026-07-03 02:04:27	cid=4	cas=78-96-6	modality=ir	url=https://webbook.nist.gov/cgi/cbook.cgi?JCAMP=C2799168&Index=4&Type=IR	reason=download_http_404	message=
2026-07-03 02:04:37	cid=4	cas=78-96-6	modality=ir	url=https://webbook.nist.gov/cgi/cbook.cgi?JCAMP=C2799168&Index=5&Type=IR	reason=download_http_404	message=
2026-07-03 02:04:38	cid=4	cas=78-96-6	modality=ir	url=https://webbook.nist.gov/cgi/cbook.cgi?JCAMP=C2799168&Index=6&Type=IR	reason=download_http_404	message=
2026-07-03 02:04:38	cid=4	cas=78-96-6	modality=ir	url=https://webbook.nist.gov/cgi/cbook.cgi?JCAMP=C2799168&Index=7&Type=IR	reason=download_http_404	message=
2026-07-03 02:04:38	cid=4	cas=78-96-6	modality=ir	url=https://webbook.nist.gov/cgi/cbook.cgi?JCAMP=C2799168&Index=8&Type=IR	reason=download_http_404	message=
2026-07-03 02:04:39	cid=4	cas=78-96-6	modality=ir	url=https://webbook.nist.gov/cgi/cbook.cgi?JCAMP=C2799168&Index=9&Type=IR	reason=download_http_404	message=
2026-07-03 02:04:39	cid=4	cas=78-96-6	modality=	url=https://webbook.nist.gov/cgi/cbook.cgi?ID=78-96-6&Units=SI&Mask=480	reason=all_jcamp_downloads_failed	message=ir:download_http_404;ir:download_http_404;ir:download_http_404;ir:download_http_404;ir:download_http_404;ir:download_http_404;ir:download_http_404;ir:download_http_404;ir:download_http_404;ir:download_http_404
2026-07-03 02:04:40	cid=5	cas=205189-34-0	modality=	url=https://webbook.nist.gov/cgi/cbook.cgi?ID=205189-34-0&Units=SI&Mask=480	reason=nist_not_found	message=
2026-07-03 02:04:44	cid=6	cas=97-00-7	modality=ir	url=https://webbook.nist.gov/cgi/cbook.cgi?JCAMP=C97007&Index=2&Type=IR	reason=download_http_404	message=
2026-07-03 02:04:45	cid=6	cas=97-00-7	modality=ir	url=https://webbook.nist.gov/cgi/cbook.cgi?JCAMP=C97007&Index=3&Type=IR	reason=download_http_404	message=
2026-07-03 02:04:45	cid=6	cas=97-00-7	modality=ir	url=https://webbook.nist.gov/cgi/cbook.cgi?JCAMP=C97007&Index=4&Type=IR	reason=download_http_404	message=
2026-07-03 02:04:55	cid=6	cas=97-00-7	modality=ir	url=https://webbook.nist.gov/cgi/cbook.cgi?JCAMP=C97007&Index=5&Type=IR	reason=download_http_404	message=
2026-07-03 02:04:56	cid=6	cas=97-00-7	modality=ir	url=https://webbook.nist.gov/cgi/cbook.cgi?JCAMP=C97007&Index=6&Type=IR	reason=download_http_404	message=
2026-07-03 02:04:56	cid=6	cas=97-00-7	modality=ir	url=https://webbook.nist.gov/cgi/cbook.cgi?JCAMP=C97007&Index=7&Type=IR	reason=download_http_404	message=
2026-07-03 02:04:56	cid=6	cas=97-00-7	modality=ir	url=https://webbook.nist.gov/cgi/cbook.cgi?JCAMP=C97007&Index=8&Type=IR	reason=download_http_404	message=
2026-07-03 02:04:57	cid=6	cas=97-00-7	modality=ir	url=https://webbook.nist.gov/cgi/cbook.cgi?JCAMP=C97007&Index=9&Type=IR	reason=download_http_404	message=
2026-07-03 02:05:07	cid=6	cas=97-00-7	modality=uvvis	url=https://webbook.nist.gov/cgi/cbook.cgi?JCAMP=C97007&Index=1&Type=UVVis	reason=download_http_404	message=
2026-07-03 02:05:07	cid=6	cas=97-00-7	modality=uvvis	url=https://webbook.nist.gov/cgi/cbook.cgi?JCAMP=C97007&Index=2&Type=UVVis	reason=download_http_404	message=
2026-07-03 02:05:07	cid=6	cas=97-00-7	modality=uvvis	url=https://webbook.nist.gov/cgi/cbook.cgi?JCAMP=C97007&Index=3&Type=UVVis	reason=download_http_404	message=
2026-07-03 02:05:08	cid=6	cas=97-00-7	modality=uvvis	url=https://webbook.nist.gov/cgi/cbook.cgi?JCAMP=C97007&Index=4&Type=UVVis	reason=download_http_404	message=
2026-07-03 02:05:08	cid=6	cas=97-00-7	modality=uvvis	url=https://webbook.nist.gov/cgi/cbook.cgi?JCAMP=C97007&Index=5&Type=UVVis	reason=download_http_404	message=
2026-07-03 02:05:18	cid=6	cas=97-00-7	modality=uvvis	url=https://webbook.nist.gov/cgi/cbook.cgi?JCAMP=C97007&Index=6&Type=UVVis	reason=download_http_404	message=
2026-07-03 02:05:19	cid=6	cas=97-00-7	modality=uvvis	url=https://webbook.nist.gov/cgi/cbook.cgi?JCAMP=C97007&Index=7&Type=UVVis	reason=download_http_404	message=
2026-07-03 02:05:19	cid=6	cas=97-00-7	modality=uvvis	url=https://webbook.nist.gov/cgi/cbook.cgi?JCAMP=C97007&Index=8&Type=UVVis	reason=download_http_404	message=
2026-07-03 02:05:19	cid=6	cas=97-00-7	modality=uvvis	url=https://webbook.nist.gov/cgi/cbook.cgi?JCAMP=C97007&Index=9&Type=UVVis	reason=download_http_404	message=
2026-07-03 02:05:19	cid=6	cas=97-00-7	modality=	url=https://webbook.nist.gov/cgi/cbook.cgi?ID=97-00-7&Units=SI&Mask=480	reason=all_jcamp_downloads_failed	message=ir:download_http_404;ir:download_http_404;ir:download_http_404;ir:download_http_404;ir:download_http_404;ir:download_http_404;ir:download_http_404;ir:download_http_404;uvvis:download_http_404;uvvis:download_http_404;uvvis:download_http_404;uvvis:download_http_404;uvvis:download_http_404;uvvis:download_http_404;uvvis:download_http_404;uvvis:download_http_404;uvvis:download_http_404
2026-07-03 02:05:20	cid=7	cas=2715-68-6	modality=	url=https://webbook.nist.gov/cgi/cbook.cgi?ID=2715-68-6&Units=SI&Mask=480	reason=no_jcamp_links	message=
2026-07-03 02:05:21	cid=8	cas=562-43-6	modality=	url=https://webbook.nist.gov/cgi/cbook.cgi?ID=562-43-6&Units=SI&Mask=480	reason=nist_not_found	message=
2026-07-03 02:05:22	cid=9	cas=13004-72-3	modality=	url=https://webbook.nist.gov/cgi/cbook.cgi?ID=13004-72-3&Units=SI&Mask=480	reason=nist_not_found	message=
2026-07-03 02:05:24	cid=12	cas=634-94-6	modality=	url=https://webbook.nist.gov/cgi/cbook.cgi?ID=634-94-6&Units=SI&Mask=480	reason=nist_not_found	message=
2026-07-03 02:05:25	cid=13	cas=120-82-1	modality=ir	url=https://webbook.nist.gov/cgi/cbook.cgi?JCAMP=C120821&Index=3&Type=IR	reason=download_http_404	message=
2026-07-03 02:05:25	cid=13	cas=120-82-1	modality=ir	url=https://webbook.nist.gov/cgi/cbook.cgi?JCAMP=C120821&Index=4&Type=IR	reason=download_http_404	message=
2026-07-03 02:05:26	cid=13	cas=120-82-1	modality=ir	url=https://webbook.nist.gov/cgi/cbook.cgi?JCAMP=C120821&Index=5&Type=IR	reason=download_http_404	message=
2026-07-03 02:05:26	cid=13	cas=120-82-1	modality=ir	url=https://webbook.nist.gov/cgi/cbook.cgi?JCAMP=C120821&Index=6&Type=IR	reason=download_http_404	message=
2026-07-03 02:05:26	cid=13	cas=120-82-1	modality=ir	url=https://webbook.nist.gov/cgi/cbook.cgi?JCAMP=C120821&Index=7&Type=IR	reason=download_http_404	message=
2026-07-03 02:05:37	cid=13	cas=120-82-1	modality=ir	url=https://webbook.nist.gov/cgi/cbook.cgi?JCAMP=C120821&Index=8&Type=IR	reason=download_http_404	message=
2026-07-03 02:05:37	cid=13	cas=120-82-1	modality=ir	url=https://webbook.nist.gov/cgi/cbook.cgi?JCAMP=C120821&Index=9&Type=IR	reason=download_http_404	message=
2026-07-03 02:05:37	cid=13	cas=120-82-1	modality=uvvis	url=https://webbook.nist.gov/cgi/cbook.cgi?JCAMP=C120821&Index=1&Type=UVVis	reason=download_http_404	message=
2026-07-03 02:05:38	cid=13	cas=120-82-1	modality=uvvis	url=https://webbook.nist.gov/cgi/cbook.cgi?JCAMP=C120821&Index=2&Type=UVVis	reason=download_http_404	message=
2026-07-03 02:05:38	cid=13	cas=120-82-1	modality=uvvis	url=https://webbook.nist.gov/cgi/cbook.cgi?JCAMP=C120821&Index=3&Type=UVVis	reason=download_http_404	message=
2026-07-03 02:05:48	cid=13	cas=120-82-1	modality=uvvis	url=https://webbook.nist.gov/cgi/cbook.cgi?JCAMP=C120821&Index=4&Type=UVVis	reason=download_http_404	message=
2026-07-03 02:05:49	cid=13	cas=120-82-1	modality=uvvis	url=https://webbook.nist.gov/cgi/cbook.cgi?JCAMP=C120821&Index=5&Type=UVVis	reason=download_http_404	message=
2026-07-03 02:05:49	cid=13	cas=120-82-1	modality=uvvis	url=https://webbook.nist.gov/cgi/cbook.cgi?JCAMP=C120821&Index=6&Type=UVVis	reason=download_http_404	message=
2026-07-03 02:05:49	cid=13	cas=120-82-1	modality=uvvis	url=https://webbook.nist.gov/cgi/cbook.cgi?JCAMP=C120821&Index=7&Type=UVVis	reason=download_http_404	message=
2026-07-03 02:05:50	cid=13	cas=120-82-1	modality=uvvis	url=https://webbook.nist.gov/cgi/cbook.cgi?JCAMP=C120821&Index=8&Type=UVVis	reason=download_http_404	message=
2026-07-03 02:06:00	cid=13	cas=120-82-1	modality=uvvis	url=https://webbook.nist.gov/cgi/cbook.cgi?JCAMP=C120821&Index=9&Type=UVVis	reason=download_http_404	message=
2026-07-03 02:06:00	cid=13	cas=120-82-1	modality=	url=https://webbook.nist.gov/cgi/cbook.cgi?ID=120-82-1&Units=SI&Mask=480	reason=all_jcamp_downloads_failed	message=ir:download_http_404;ir:download_http_404;ir:download_http_404;ir:download_http_404;ir:download_http_404;ir:download_http_404;ir:download_http_404;uvvis:download_http_404;uvvis:download_http_404;uvvis:download_http_404;uvvis:download_http_404;uvvis:download_http_404;uvvis:download_http_404;uvvis:download_http_404;uvvis:download_http_404;uvvis:download_http_404
2026-07-03 02:06:01	cid=14	cas=	modality=	url=	reason=not_found	message=no_cas_in_synonyms
2026-07-03 02:06:01	cid=15	cas=	modality=	url=	reason=not_found	message=no_cas_in_synonyms
2026-07-03 02:06:02	cid=16	cas=56403-09-9	modality=	url=https://webbook.nist.gov/cgi/cbook.cgi?ID=56403-09-9&Units=SI&Mask=480	reason=no_jcamp_links	message=
2026-07-03 02:06:03	cid=17	cas=16052-12-3	modality=	url=https://webbook.nist.gov/cgi/cbook.cgi?ID=16052-12-3&Units=SI&Mask=480	reason=nist_not_found	message=
2026-07-03 02:06:03	cid=18	cas=	modality=	url=	reason=not_found	message=no_cas_in_synonyms
2026-07-03 02:06:04	cid=19	cas=303-38-8	modality=ir	url=https://webbook.nist.gov/cgi/cbook.cgi?JCAMP=C303388&Index=1&Type=IR	reason=download_http_404	message=
2026-07-03 02:06:05	cid=19	cas=303-38-8	modality=ir	url=https://webbook.nist.gov/cgi/cbook.cgi?JCAMP=C303388&Index=2&Type=IR	reason=download_http_404	message=
2026-07-03 02:06:05	cid=19	cas=303-38-8	modality=ir	url=https://webbook.nist.gov/cgi/cbook.cgi?JCAMP=C303388&Index=3&Type=IR	reason=download_http_404	message=
2026-07-03 02:06:05	cid=19	cas=303-38-8	modality=ir	url=https://webbook.nist.gov/cgi/cbook.cgi?JCAMP=C303388&Index=4&Type=IR	reason=download_http_404	message=
2026-07-03 02:06:06	cid=19	cas=303-38-8	modality=ir	url=https://webbook.nist.gov/cgi/cbook.cgi?JCAMP=C303388&Index=5&Type=IR	reason=download_http_404	message=
2026-07-03 02:06:16	cid=19	cas=303-38-8	modality=ir	url=https://webbook.nist.gov/cgi/cbook.cgi?JCAMP=C303388&Index=6&Type=IR	reason=download_http_404	message=
2026-07-03 02:06:17	cid=19	cas=303-38-8	modality=ir	url=https://webbook.nist.gov/cgi/cbook.cgi?JCAMP=C303388&Index=7&Type=IR	reason=download_http_404	message=
2026-07-03 02:06:17	cid=19	cas=303-38-8	modality=ir	url=https://webbook.nist.gov/cgi/cbook.cgi?JCAMP=C303388&Index=8&Type=IR	reason=download_http_404	message=
2026-07-03 02:06:17	cid=19	cas=303-38-8	modality=ir	url=https://webbook.nist.gov/cgi/cbook.cgi?JCAMP=C303388&Index=9&Type=IR	reason=download_http_404	message=
2026-07-03 02:06:17	cid=19	cas=303-38-8	modality=	url=https://webbook.nist.gov/cgi/cbook.cgi?ID=303-38-8&Units=SI&Mask=480	reason=all_jcamp_downloads_failed	message=ir:download_http_404;ir:download_http_404;ir:download_http_404;ir:download_http_404;ir:download_http_404;ir:download_http_404;ir:download_http_404;ir:download_http_404;ir:download_http_404
2026-07-03 02:06:18	cid=20	cas=3714-73-6	modality=	url=https://webbook.nist.gov/cgi/cbook.cgi?ID=3714-73-6&Units=SI&Mask=480	reason=nist_not_found	message=
2026-07-03 02:06:19	cid=21	cas=3142-65-2	modality=	url=https://webbook.nist.gov/cgi/cbook.cgi?ID=3142-65-2&Units=SI&Mask=480	reason=nist_not_found	message=
2026-07-03 02:07:07	cid=1	cas=14992-62-2	modality=	url=https://webbook.nist.gov/cgi/cbook.cgi?ID=14992-62-2&Units=SI&Mask=480	reason=nist_not_found	message=
2026-07-03 02:07:08	cid=2	cas=7559-18-4	modality=	url=https://webbook.nist.gov/cgi/cbook.cgi?ID=7559-18-4&Units=SI&Mask=480	reason=nist_not_found	message=
2026-07-03 02:07:08	cid=3	cas=	modality=	url=	reason=not_found	message=no_cas_in_synonyms
2026-07-03 02:07:09	cid=4	cas=78-96-6	modality=ir	url=https://webbook.nist.gov/cgi/cbook.cgi?JCAMP=C2799168&Index=0&Type=IR	reason=download_http_404	message=
2026-07-03 02:07:10	cid=4	cas=78-96-6	modality=ir	url=https://webbook.nist.gov/cgi/cbook.cgi?JCAMP=C2799168&Index=1&Type=IR	reason=download_http_404	message=
2026-07-03 02:07:10	cid=4	cas=78-96-6	modality=ir	url=https://webbook.nist.gov/cgi/cbook.cgi?JCAMP=C2799168&Index=2&Type=IR	reason=download_http_404	message=
2026-07-03 02:07:10	cid=4	cas=78-96-6	modality=ir	url=https://webbook.nist.gov/cgi/cbook.cgi?JCAMP=C2799168&Index=3&Type=IR	reason=download_http_404	message=
2026-07-03 02:07:10	cid=4	cas=78-96-6	modality=ir	url=https://webbook.nist.gov/cgi/cbook.cgi?JCAMP=C2799168&Index=4&Type=IR	reason=download_http_404	message=
2026-07-03 02:07:21	cid=4	cas=78-96-6	modality=ir	url=https://webbook.nist.gov/cgi/cbook.cgi?JCAMP=C2799168&Index=5&Type=IR	reason=download_http_404	message=
2026-07-03 02:07:21	cid=4	cas=78-96-6	modality=ir	url=https://webbook.nist.gov/cgi/cbook.cgi?JCAMP=C2799168&Index=6&Type=IR	reason=download_http_404	message=
2026-07-03 02:07:21	cid=4	cas=78-96-6	modality=ir	url=https://webbook.nist.gov/cgi/cbook.cgi?JCAMP=C2799168&Index=7&Type=IR	reason=download_http_404	message=
2026-07-03 02:07:22	cid=4	cas=78-96-6	modality=ir	url=https://webbook.nist.gov/cgi/cbook.cgi?JCAMP=C2799168&Index=8&Type=IR	reason=download_http_404	message=
2026-07-03 02:07:22	cid=4	cas=78-96-6	modality=ir	url=https://webbook.nist.gov/cgi/cbook.cgi?JCAMP=C2799168&Index=9&Type=IR	reason=download_http_404	message=
2026-07-03 02:07:22	cid=4	cas=78-96-6	modality=	url=https://webbook.nist.gov/cgi/cbook.cgi?ID=78-96-6&Units=SI&Mask=480	reason=all_jcamp_downloads_failed	message=ir:download_http_404;ir:download_http_404;ir:download_http_404;ir:download_http_404;ir:download_http_404;ir:download_http_404;ir:download_http_404;ir:download_http_404;ir:download_http_404;ir:download_http_404
2026-07-03 02:07:23	cid=5	cas=205189-34-0	modality=	url=https://webbook.nist.gov/cgi/cbook.cgi?ID=205189-34-0&Units=SI&Mask=480	reason=nist_not_found	message=
2026-07-03 02:07:28	cid=6	cas=97-00-7	modality=ir	url=https://webbook.nist.gov/cgi/cbook.cgi?JCAMP=C97007&Index=2&Type=IR	reason=download_http_404	message=
2026-07-03 02:07:28	cid=6	cas=97-00-7	modality=ir	url=https://webbook.nist.gov/cgi/cbook.cgi?JCAMP=C97007&Index=3&Type=IR	reason=download_http_404	message=
2026-07-03 02:07:28	cid=6	cas=97-00-7	modality=ir	url=https://webbook.nist.gov/cgi/cbook.cgi?JCAMP=C97007&Index=4&Type=IR	reason=download_http_404	message=
2026-07-03 02:07:38	cid=6	cas=97-00-7	modality=ir	url=https://webbook.nist.gov/cgi/cbook.cgi?JCAMP=C97007&Index=5&Type=IR	reason=download_http_404	message=
2026-07-03 02:07:39	cid=6	cas=97-00-7	modality=ir	url=https://webbook.nist.gov/cgi/cbook.cgi?JCAMP=C97007&Index=6&Type=IR	reason=download_http_404	message=
2026-07-03 02:07:39	cid=6	cas=97-00-7	modality=ir	url=https://webbook.nist.gov/cgi/cbook.cgi?JCAMP=C97007&Index=7&Type=IR	reason=download_http_404	message=
2026-07-03 02:07:39	cid=6	cas=97-00-7	modality=ir	url=https://webbook.nist.gov/cgi/cbook.cgi?JCAMP=C97007&Index=8&Type=IR	reason=download_http_404	message=
2026-07-03 02:07:40	cid=6	cas=97-00-7	modality=ir	url=https://webbook.nist.gov/cgi/cbook.cgi?JCAMP=C97007&Index=9&Type=IR	reason=download_http_404	message=
2026-07-03 02:07:50	cid=6	cas=97-00-7	modality=uvvis	url=https://webbook.nist.gov/cgi/cbook.cgi?JCAMP=C97007&Index=1&Type=UVVis	reason=download_http_404	message=
2026-07-03 02:07:50	cid=6	cas=97-00-7	modality=uvvis	url=https://webbook.nist.gov/cgi/cbook.cgi?JCAMP=C97007&Index=2&Type=UVVis	reason=download_http_404	message=
2026-07-03 02:07:51	cid=6	cas=97-00-7	modality=uvvis	url=https://webbook.nist.gov/cgi/cbook.cgi?JCAMP=C97007&Index=3&Type=UVVis	reason=download_http_404	message=
2026-07-03 02:07:51	cid=6	cas=97-00-7	modality=uvvis	url=https://webbook.nist.gov/cgi/cbook.cgi?JCAMP=C97007&Index=4&Type=UVVis	reason=download_http_404	message=
2026-07-03 02:07:51	cid=6	cas=97-00-7	modality=uvvis	url=https://webbook.nist.gov/cgi/cbook.cgi?JCAMP=C97007&Index=5&Type=UVVis	reason=download_http_404	message=
2026-07-03 02:08:01	cid=6	cas=97-00-7	modality=uvvis	url=https://webbook.nist.gov/cgi/cbook.cgi?JCAMP=C97007&Index=6&Type=UVVis	reason=download_http_404	message=
2026-07-03 02:08:02	cid=6	cas=97-00-7	modality=uvvis	url=https://webbook.nist.gov/cgi/cbook.cgi?JCAMP=C97007&Index=7&Type=UVVis	reason=download_http_404	message=
2026-07-03 02:08:02	cid=6	cas=97-00-7	modality=uvvis	url=https://webbook.nist.gov/cgi/cbook.cgi?JCAMP=C97007&Index=8&Type=UVVis	reason=download_http_404	message=
2026-07-03 02:08:02	cid=6	cas=97-00-7	modality=uvvis	url=https://webbook.nist.gov/cgi/cbook.cgi?JCAMP=C97007&Index=9&Type=UVVis	reason=download_http_404	message=
2026-07-03 02:08:02	cid=6	cas=97-00-7	modality=	url=https://webbook.nist.gov/cgi/cbook.cgi?ID=97-00-7&Units=SI&Mask=480	reason=all_jcamp_downloads_failed	message=ir:download_http_404;ir:download_http_404;ir:download_http_404;ir:download_http_404;ir:download_http_404;ir:download_http_404;ir:download_http_404;ir:download_http_404;uvvis:download_http_404;uvvis:download_http_404;uvvis:download_http_404;uvvis:download_http_404;uvvis:download_http_404;uvvis:download_http_404;uvvis:download_http_404;uvvis:download_http_404;uvvis:download_http_404
2026-07-03 02:08:03	cid=7	cas=2715-68-6	modality=	url=https://webbook.nist.gov/cgi/cbook.cgi?ID=2715-68-6&Units=SI&Mask=480	reason=no_jcamp_links	message=
2026-07-03 02:08:04	cid=8	cas=562-43-6	modality=	url=https://webbook.nist.gov/cgi/cbook.cgi?ID=562-43-6&Units=SI&Mask=480	reason=nist_not_found	message=
2026-07-03 02:08:05	cid=9	cas=13004-72-3	modality=	url=https://webbook.nist.gov/cgi/cbook.cgi?ID=13004-72-3&Units=SI&Mask=480	reason=nist_not_found	message=
2026-07-03 02:08:06	cid=12	cas=634-94-6	modality=	url=https://webbook.nist.gov/cgi/cbook.cgi?ID=634-94-6&Units=SI&Mask=480	reason=nist_not_found	message=
2026-07-03 02:08:08	cid=13	cas=120-82-1	modality=ir	url=https://webbook.nist.gov/cgi/cbook.cgi?JCAMP=C120821&Index=3&Type=IR	reason=download_http_404	message=
2026-07-03 02:08:08	cid=13	cas=120-82-1	modality=ir	url=https://webbook.nist.gov/cgi/cbook.cgi?JCAMP=C120821&Index=4&Type=IR	reason=download_http_404	message=
2026-07-03 02:08:08	cid=13	cas=120-82-1	modality=ir	url=https://webbook.nist.gov/cgi/cbook.cgi?JCAMP=C120821&Index=5&Type=IR	reason=download_http_404	message=
2026-07-03 02:08:08	cid=13	cas=120-82-1	modality=ir	url=https://webbook.nist.gov/cgi/cbook.cgi?JCAMP=C120821&Index=6&Type=IR	reason=download_http_404	message=
2026-07-03 02:08:09	cid=13	cas=120-82-1	modality=ir	url=https://webbook.nist.gov/cgi/cbook.cgi?JCAMP=C120821&Index=7&Type=IR	reason=download_http_404	message=
2026-07-03 02:08:19	cid=13	cas=120-82-1	modality=ir	url=https://webbook.nist.gov/cgi/cbook.cgi?JCAMP=C120821&Index=8&Type=IR	reason=download_http_404	message=
2026-07-03 02:08:19	cid=13	cas=120-82-1	modality=ir	url=https://webbook.nist.gov/cgi/cbook.cgi?JCAMP=C120821&Index=9&Type=IR	reason=download_http_404	message=
2026-07-03 02:08:20	cid=13	cas=120-82-1	modality=uvvis	url=https://webbook.nist.gov/cgi/cbook.cgi?JCAMP=C120821&Index=1&Type=UVVis	reason=download_http_404	message=
2026-07-03 02:08:20	cid=13	cas=120-82-1	modality=uvvis	url=https://webbook.nist.gov/cgi/cbook.cgi?JCAMP=C120821&Index=2&Type=UVVis	reason=download_http_404	message=
2026-07-03 02:08:23	cid=13	cas=120-82-1	modality=uvvis	url=https://webbook.nist.gov/cgi/cbook.cgi?JCAMP=C120821&Index=3&Type=UVVis	reason=download_http_404	message=
2026-07-03 02:08:27	cid=13	cas=120-82-1	modality=uvvis	url=https://webbook.nist.gov/cgi/cbook.cgi?JCAMP=C120821&Index=4&Type=UVVis	reason=download_http_404	message=
2026-07-03 02:08:27	cid=13	cas=120-82-1	modality=uvvis	url=https://webbook.nist.gov/cgi/cbook.cgi?JCAMP=C120821&Index=5&Type=UVVis	reason=download_http_404	message=
2026-07-03 02:08:31	cid=13	cas=120-82-1	modality=uvvis	url=https://webbook.nist.gov/cgi/cbook.cgi?JCAMP=C120821&Index=6&Type=UVVis	reason=download_http_404	message=
2026-07-03 02:08:35	cid=13	cas=120-82-1	modality=uvvis	url=https://webbook.nist.gov/cgi/cbook.cgi?JCAMP=C120821&Index=7&Type=UVVis	reason=download_http_404	message=
2026-07-03 02:08:35	cid=13	cas=120-82-1	modality=uvvis	url=https://webbook.nist.gov/cgi/cbook.cgi?JCAMP=C120821&Index=8&Type=UVVis	reason=download_http_404	message=
2026-07-03 02:08:39	cid=13	cas=120-82-1	modality=uvvis	url=https://webbook.nist.gov/cgi/cbook.cgi?JCAMP=C120821&Index=9&Type=UVVis	reason=download_http_404	message=
2026-07-03 02:08:39	cid=13	cas=120-82-1	modality=	url=https://webbook.nist.gov/cgi/cbook.cgi?ID=120-82-1&Units=SI&Mask=480	reason=all_jcamp_downloads_failed	message=ir:download_http_404;ir:download_http_404;ir:download_http_404;ir:download_http_404;ir:download_http_404;ir:download_http_404;ir:download_http_404;uvvis:download_http_404;uvvis:download_http_404;uvvis:download_http_404;uvvis:download_http_404;uvvis:download_http_404;uvvis:download_http_404;uvvis:download_http_404;uvvis:download_http_404;uvvis:download_http_404
2026-07-03 02:08:40	cid=14	cas=	modality=	url=	reason=not_found	message=no_cas_in_synonyms
2026-07-03 02:08:40	cid=15	cas=	modality=	url=	reason=not_found	message=no_cas_in_synonyms
2026-07-03 02:08:41	cid=16	cas=56403-09-9	modality=	url=https://webbook.nist.gov/cgi/cbook.cgi?ID=56403-09-9&Units=SI&Mask=480	reason=no_jcamp_links	message=
2026-07-03 02:08:42	cid=17	cas=16052-12-3	modality=	url=https://webbook.nist.gov/cgi/cbook.cgi?ID=16052-12-3&Units=SI&Mask=480	reason=nist_not_found	message=
2026-07-03 02:08:42	cid=18	cas=	modality=	url=	reason=not_found	message=no_cas_in_synonyms
2026-07-03 02:08:43	cid=19	cas=303-38-8	modality=ir	url=https://webbook.nist.gov/cgi/cbook.cgi?JCAMP=C303388&Index=1&Type=IR	reason=download_http_404	message=
2026-07-03 02:08:44	cid=19	cas=303-38-8	modality=ir	url=https://webbook.nist.gov/cgi/cbook.cgi?JCAMP=C303388&Index=2&Type=IR	reason=download_http_404	message=
2026-07-03 02:08:44	cid=19	cas=303-38-8	modality=ir	url=https://webbook.nist.gov/cgi/cbook.cgi?JCAMP=C303388&Index=3&Type=IR	reason=download_http_404	message=
2026-07-03 02:08:44	cid=19	cas=303-38-8	modality=ir	url=https://webbook.nist.gov/cgi/cbook.cgi?JCAMP=C303388&Index=4&Type=IR	reason=download_http_404	message=
2026-07-03 02:08:45	cid=19	cas=303-38-8	modality=ir	url=https://webbook.nist.gov/cgi/cbook.cgi?JCAMP=C303388&Index=5&Type=IR	reason=download_http_404	message=
2026-07-03 02:08:55	cid=19	cas=303-38-8	modality=ir	url=https://webbook.nist.gov/cgi/cbook.cgi?JCAMP=C303388&Index=6&Type=IR	reason=download_http_404	message=
2026-07-03 02:08:55	cid=19	cas=303-38-8	modality=ir	url=https://webbook.nist.gov/cgi/cbook.cgi?JCAMP=C303388&Index=7&Type=IR	reason=download_http_404	message=
2026-07-03 02:08:56	cid=19	cas=303-38-8	modality=ir	url=https://webbook.nist.gov/cgi/cbook.cgi?JCAMP=C303388&Index=8&Type=IR	reason=download_http_404	message=
2026-07-03 02:08:56	cid=19	cas=303-38-8	modality=ir	url=https://webbook.nist.gov/cgi/cbook.cgi?JCAMP=C303388&Index=9&Type=IR	reason=download_http_404	message=
2026-07-03 02:08:56	cid=19	cas=303-38-8	modality=	url=https://webbook.nist.gov/cgi/cbook.cgi?ID=303-38-8&Units=SI&Mask=480	reason=all_jcamp_downloads_failed	message=ir:download_http_404;ir:download_http_404;ir:download_http_404;ir:download_http_404;ir:download_http_404;ir:download_http_404;ir:download_http_404;ir:download_http_404;ir:download_http_404
2026-07-03 02:08:57	cid=20	cas=3714-73-6	modality=	url=https://webbook.nist.gov/cgi/cbook.cgi?ID=3714-73-6&Units=SI&Mask=480	reason=nist_not_found	message=
2026-07-03 02:08:58	cid=21	cas=3142-65-2	modality=	url=https://webbook.nist.gov/cgi/cbook.cgi?ID=3142-65-2&Units=SI&Mask=480	reason=nist_not_found	message=
2026-07-03 02:09:37	cid=1	cas=14992-62-2	modality=	url=https://webbook.nist.gov/cgi/cbook.cgi?ID=14992-62-2&Units=SI&Mask=480	reason=nist_not_found	message=
2026-07-03 02:09:38	cid=2	cas=7559-18-4	modality=	url=https://webbook.nist.gov/cgi/cbook.cgi?ID=7559-18-4&Units=SI&Mask=480	reason=nist_not_found	message=
2026-07-03 02:09:38	cid=3	cas=	modality=	url=	reason=not_found	message=no_cas_in_synonyms
2026-07-03 02:09:40	cid=4	cas=78-96-6	modality=ir	url=https://webbook.nist.gov/cgi/cbook.cgi?JCAMP=C2799168&Index=0&Type=IR	reason=download_http_404	message=
2026-07-03 02:09:40	cid=4	cas=78-96-6	modality=ir	url=https://webbook.nist.gov/cgi/cbook.cgi?JCAMP=C2799168&Index=1&Type=IR	reason=download_http_404	message=
2026-07-03 02:09:40	cid=4	cas=78-96-6	modality=ir	url=https://webbook.nist.gov/cgi/cbook.cgi?JCAMP=C2799168&Index=2&Type=IR	reason=download_http_404	message=
2026-07-03 02:09:41	cid=4	cas=78-96-6	modality=ir	url=https://webbook.nist.gov/cgi/cbook.cgi?JCAMP=C2799168&Index=3&Type=IR	reason=download_http_404	message=
2026-07-03 02:09:41	cid=4	cas=78-96-6	modality=ir	url=https://webbook.nist.gov/cgi/cbook.cgi?JCAMP=C2799168&Index=4&Type=IR	reason=download_http_404	message=
2026-07-03 02:09:51	cid=4	cas=78-96-6	modality=ir	url=https://webbook.nist.gov/cgi/cbook.cgi?JCAMP=C2799168&Index=5&Type=IR	reason=download_http_404	message=
2026-07-03 02:09:52	cid=4	cas=78-96-6	modality=ir	url=https://webbook.nist.gov/cgi/cbook.cgi?JCAMP=C2799168&Index=6&Type=IR	reason=download_http_404	message=
2026-07-03 02:09:52	cid=4	cas=78-96-6	modality=ir	url=https://webbook.nist.gov/cgi/cbook.cgi?JCAMP=C2799168&Index=7&Type=IR	reason=download_http_404	message=
2026-07-03 02:09:53	cid=4	cas=78-96-6	modality=ir	url=https://webbook.nist.gov/cgi/cbook.cgi?JCAMP=C2799168&Index=8&Type=IR	reason=download_http_404	message=
2026-07-03 02:09:53	cid=4	cas=78-96-6	modality=ir	url=https://webbook.nist.gov/cgi/cbook.cgi?JCAMP=C2799168&Index=9&Type=IR	reason=download_http_404	message=
2026-07-03 02:09:53	cid=4	cas=78-96-6	modality=	url=https://webbook.nist.gov/cgi/cbook.cgi?ID=78-96-6&Units=SI&Mask=480	reason=all_jcamp_downloads_failed	message=ir:download_http_404;ir:download_http_404;ir:download_http_404;ir:download_http_404;ir:download_http_404;ir:download_http_404;ir:download_http_404;ir:download_http_404;ir:download_http_404;ir:download_http_404
2026-07-03 02:09:54	cid=5	cas=205189-34-0	modality=	url=https://webbook.nist.gov/cgi/cbook.cgi?ID=205189-34-0&Units=SI&Mask=480	reason=nist_not_found	message=
2026-07-03 02:09:59	cid=6	cas=97-00-7	modality=ir	url=https://webbook.nist.gov/cgi/cbook.cgi?JCAMP=C97007&Index=2&Type=IR	reason=download_http_404	message=
2026-07-03 02:09:59	cid=6	cas=97-00-7	modality=ir	url=https://webbook.nist.gov/cgi/cbook.cgi?JCAMP=C97007&Index=3&Type=IR	reason=download_http_404	message=
2026-07-03 02:10:00	cid=6	cas=97-00-7	modality=ir	url=https://webbook.nist.gov/cgi/cbook.cgi?JCAMP=C97007&Index=4&Type=IR	reason=download_http_404	message=
2026-07-03 02:10:00	cid=6	cas=97-00-7	modality=ir	url=https://webbook.nist.gov/cgi/cbook.cgi?JCAMP=C97007&Index=5&Type=IR	reason=download_http_404	message=
2026-07-03 02:10:00	cid=6	cas=97-00-7	modality=ir	url=https://webbook.nist.gov/cgi/cbook.cgi?JCAMP=C97007&Index=6&Type=IR	reason=download_http_404	message=
2026-07-03 02:10:04	cid=6	cas=97-00-7	modality=ir	url=https://webbook.nist.gov/cgi/cbook.cgi?JCAMP=C97007&Index=7&Type=IR	reason=download_http_404	message=
2026-07-03 02:10:05	cid=6	cas=97-00-7	modality=ir	url=https://webbook.nist.gov/cgi/cbook.cgi?JCAMP=C97007&Index=8&Type=IR	reason=download_http_404	message=
2026-07-03 02:10:05	cid=6	cas=97-00-7	modality=ir	url=https://webbook.nist.gov/cgi/cbook.cgi?JCAMP=C97007&Index=9&Type=IR	reason=download_http_404	message=
2026-07-03 02:10:05	cid=6	cas=97-00-7	modality=uvvis	url=https://webbook.nist.gov/cgi/cbook.cgi?JCAMP=C97007&Index=1&Type=UVVis	reason=download_http_404	message=
2026-07-03 02:10:06	cid=6	cas=97-00-7	modality=uvvis	url=https://webbook.nist.gov/cgi/cbook.cgi?JCAMP=C97007&Index=2&Type=UVVis	reason=download_http_404	message=
2026-07-03 02:10:10	cid=6	cas=97-00-7	modality=uvvis	url=https://webbook.nist.gov/cgi/cbook.cgi?JCAMP=C97007&Index=3&Type=UVVis	reason=download_http_404	message=
2026-07-03 02:10:10	cid=6	cas=97-00-7	modality=uvvis	url=https://webbook.nist.gov/cgi/cbook.cgi?JCAMP=C97007&Index=4&Type=UVVis	reason=download_http_404	message=
2026-07-03 02:10:11	cid=6	cas=97-00-7	modality=uvvis	url=https://webbook.nist.gov/cgi/cbook.cgi?JCAMP=C97007&Index=5&Type=UVVis	reason=download_http_404	message=
2026-07-03 02:10:11	cid=6	cas=97-00-7	modality=uvvis	url=https://webbook.nist.gov/cgi/cbook.cgi?JCAMP=C97007&Index=6&Type=UVVis	reason=download_http_404	message=
2026-07-03 02:10:11	cid=6	cas=97-00-7	modality=uvvis	url=https://webbook.nist.gov/cgi/cbook.cgi?JCAMP=C97007&Index=7&Type=UVVis	reason=download_http_404	message=
2026-07-03 02:10:15	cid=6	cas=97-00-7	modality=uvvis	url=https://webbook.nist.gov/cgi/cbook.cgi?JCAMP=C97007&Index=8&Type=UVVis	reason=download_http_404	message=
2026-07-03 02:10:16	cid=6	cas=97-00-7	modality=uvvis	url=https://webbook.nist.gov/cgi/cbook.cgi?JCAMP=C97007&Index=9&Type=UVVis	reason=download_http_404	message=
2026-07-03 02:10:16	cid=6	cas=97-00-7	modality=	url=https://webbook.nist.gov/cgi/cbook.cgi?ID=97-00-7&Units=SI&Mask=480	reason=all_jcamp_downloads_failed	message=ir:download_http_404;ir:download_http_404;ir:download_http_404;ir:download_http_404;ir:download_http_404;ir:download_http_404;ir:download_http_404;ir:download_http_404;uvvis:download_http_404;uvvis:download_http_404;uvvis:download_http_404;uvvis:download_http_404;uvvis:download_http_404;uvvis:download_http_404;uvvis:download_http_404;uvvis:download_http_404;uvvis:download_http_404
2026-07-03 02:10:17	cid=7	cas=2715-68-6	modality=	url=https://webbook.nist.gov/cgi/cbook.cgi?ID=2715-68-6&Units=SI&Mask=480	reason=no_jcamp_links	message=
2026-07-03 02:10:18	cid=8	cas=562-43-6	modality=	url=https://webbook.nist.gov/cgi/cbook.cgi?ID=562-43-6&Units=SI&Mask=480	reason=nist_not_found	message=
2026-07-03 02:10:18	cid=9	cas=13004-72-3	modality=	url=https://webbook.nist.gov/cgi/cbook.cgi?ID=13004-72-3&Units=SI&Mask=480	reason=nist_not_found	message=
2026-07-03 02:10:20	cid=12	cas=634-94-6	modality=	url=https://webbook.nist.gov/cgi/cbook.cgi?ID=634-94-6&Units=SI&Mask=480	reason=nist_not_found	message=
2026-07-03 02:10:21	cid=13	cas=120-82-1	modality=ir	url=https://webbook.nist.gov/cgi/cbook.cgi?JCAMP=C120821&Index=3&Type=IR	reason=download_http_404	message=
2026-07-03 02:10:22	cid=13	cas=120-82-1	modality=ir	url=https://webbook.nist.gov/cgi/cbook.cgi?JCAMP=C120821&Index=4&Type=IR	reason=download_http_404	message=
2026-07-03 02:10:22	cid=13	cas=120-82-1	modality=ir	url=https://webbook.nist.gov/cgi/cbook.cgi?JCAMP=C120821&Index=5&Type=IR	reason=download_http_404	message=
2026-07-03 02:10:22	cid=13	cas=120-82-1	modality=ir	url=https://webbook.nist.gov/cgi/cbook.cgi?JCAMP=C120821&Index=6&Type=IR	reason=download_http_404	message=
2026-07-03 02:10:23	cid=13	cas=120-82-1	modality=ir	url=https://webbook.nist.gov/cgi/cbook.cgi?JCAMP=C120821&Index=7&Type=IR	reason=download_http_404	message=
2026-07-03 02:10:27	cid=13	cas=120-82-1	modality=ir	url=https://webbook.nist.gov/cgi/cbook.cgi?JCAMP=C120821&Index=8&Type=IR	reason=download_http_404	message=
2026-07-03 02:10:27	cid=13	cas=120-82-1	modality=ir	url=https://webbook.nist.gov/cgi/cbook.cgi?JCAMP=C120821&Index=9&Type=IR	reason=download_http_404	message=
2026-07-03 02:10:28	cid=13	cas=120-82-1	modality=uvvis	url=https://webbook.nist.gov/cgi/cbook.cgi?JCAMP=C120821&Index=1&Type=UVVis	reason=download_http_404	message=
2026-07-03 02:10:28	cid=13	cas=120-82-1	modality=uvvis	url=https://webbook.nist.gov/cgi/cbook.cgi?JCAMP=C120821&Index=2&Type=UVVis	reason=download_http_404	message=
2026-07-03 02:10:28	cid=13	cas=120-82-1	modality=uvvis	url=https://webbook.nist.gov/cgi/cbook.cgi?JCAMP=C120821&Index=3&Type=UVVis	reason=download_http_404	message=
2026-07-03 02:10:32	cid=13	cas=120-82-1	modality=uvvis	url=https://webbook.nist.gov/cgi/cbook.cgi?JCAMP=C120821&Index=4&Type=UVVis	reason=download_http_404	message=
2026-07-03 02:10:33	cid=13	cas=120-82-1	modality=uvvis	url=https://webbook.nist.gov/cgi/cbook.cgi?JCAMP=C120821&Index=5&Type=UVVis	reason=download_http_404	message=
2026-07-03 02:10:33	cid=13	cas=120-82-1	modality=uvvis	url=https://webbook.nist.gov/cgi/cbook.cgi?JCAMP=C120821&Index=6&Type=UVVis	reason=download_http_404	message=
2026-07-03 02:10:33	cid=13	cas=120-82-1	modality=uvvis	url=https://webbook.nist.gov/cgi/cbook.cgi?JCAMP=C120821&Index=7&Type=UVVis	reason=download_http_404	message=
2026-07-03 02:10:34	cid=13	cas=120-82-1	modality=uvvis	url=https://webbook.nist.gov/cgi/cbook.cgi?JCAMP=C120821&Index=8&Type=UVVis	reason=download_http_404	message=
2026-07-03 02:10:38	cid=13	cas=120-82-1	modality=uvvis	url=https://webbook.nist.gov/cgi/cbook.cgi?JCAMP=C120821&Index=9&Type=UVVis	reason=download_http_404	message=
2026-07-03 02:10:38	cid=13	cas=120-82-1	modality=	url=https://webbook.nist.gov/cgi/cbook.cgi?ID=120-82-1&Units=SI&Mask=480	reason=all_jcamp_downloads_failed	message=ir:download_http_404;ir:download_http_404;ir:download_http_404;ir:download_http_404;ir:download_http_404;ir:download_http_404;ir:download_http_404;uvvis:download_http_404;uvvis:download_http_404;uvvis:download_http_404;uvvis:download_http_404;uvvis:download_http_404;uvvis:download_http_404;uvvis:download_http_404;uvvis:download_http_404;uvvis:download_http_404
2026-07-03 02:10:38	cid=14	cas=	modality=	url=	reason=not_found	message=no_cas_in_synonyms
2026-07-03 02:10:39	cid=15	cas=	modality=	url=	reason=not_found	message=no_cas_in_synonyms
2026-07-03 02:10:40	cid=16	cas=56403-09-9	modality=	url=https://webbook.nist.gov/cgi/cbook.cgi?ID=56403-09-9&Units=SI&Mask=480	reason=no_jcamp_links	message=
2026-07-03 02:10:42	cid=17	cas=16052-12-3	modality=	url=https://webbook.nist.gov/cgi/cbook.cgi?ID=16052-12-3&Units=SI&Mask=480	reason=nist_not_found	message=
2026-07-03 02:10:42	cid=18	cas=	modality=	url=	reason=not_found	message=no_cas_in_synonyms
2026-07-03 02:10:43	cid=19	cas=303-38-8	modality=ir	url=https://webbook.nist.gov/cgi/cbook.cgi?JCAMP=C303388&Index=1&Type=IR	reason=download_http_404	message=
2026-07-03 02:10:44	cid=19	cas=303-38-8	modality=ir	url=https://webbook.nist.gov/cgi/cbook.cgi?JCAMP=C303388&Index=2&Type=IR	reason=download_http_404	message=
2026-07-03 02:10:44	cid=19	cas=303-38-8	modality=ir	url=https://webbook.nist.gov/cgi/cbook.cgi?JCAMP=C303388&Index=3&Type=IR	reason=download_http_404	message=
2026-07-03 02:10:44	cid=19	cas=303-38-8	modality=ir	url=https://webbook.nist.gov/cgi/cbook.cgi?JCAMP=C303388&Index=4&Type=IR	reason=download_http_404	message=
2026-07-03 02:10:45	cid=19	cas=303-38-8	modality=ir	url=https://webbook.nist.gov/cgi/cbook.cgi?JCAMP=C303388&Index=5&Type=IR	reason=download_http_404	message=
2026-07-03 02:10:49	cid=19	cas=303-38-8	modality=ir	url=https://webbook.nist.gov/cgi/cbook.cgi?JCAMP=C303388&Index=6&Type=IR	reason=download_http_404	message=
2026-07-03 02:10:49	cid=19	cas=303-38-8	modality=ir	url=https://webbook.nist.gov/cgi/cbook.cgi?JCAMP=C303388&Index=7&Type=IR	reason=download_http_404	message=
2026-07-03 02:10:50	cid=19	cas=303-38-8	modality=ir	url=https://webbook.nist.gov/cgi/cbook.cgi?JCAMP=C303388&Index=8&Type=IR	reason=download_http_404	message=
2026-07-03 02:10:50	cid=19	cas=303-38-8	modality=ir	url=https://webbook.nist.gov/cgi/cbook.cgi?JCAMP=C303388&Index=9&Type=IR	reason=download_http_404	message=
2026-07-03 02:10:50	cid=19	cas=303-38-8	modality=	url=https://webbook.nist.gov/cgi/cbook.cgi?ID=303-38-8&Units=SI&Mask=480	reason=all_jcamp_downloads_failed	message=ir:download_http_404;ir:download_http_404;ir:download_http_404;ir:download_http_404;ir:download_http_404;ir:download_http_404;ir:download_http_404;ir:download_http_404;ir:download_http_404
2026-07-03 02:10:51	cid=20	cas=3714-73-6	modality=	url=https://webbook.nist.gov/cgi/cbook.cgi?ID=3714-73-6&Units=SI&Mask=480	reason=nist_not_found	message=
2026-07-03 02:10:52	cid=21	cas=3142-65-2	modality=	url=https://webbook.nist.gov/cgi/cbook.cgi?ID=3142-65-2&Units=SI&Mask=480	reason=nist_not_found	message=
